Component: ARM Compiler 5.06 update 6 (build 750) Tool: armlink [4d35ed]

==============================================================================

Section Cross References

    main.o(i.UART4_IRQHandler) refers to stm32f10x_usart.o(i.USART_GetITStatus) for USART_GetITStatus
    main.o(i.UART4_IRQHandler) refers to stm32f10x_usart.o(i.USART_ReceiveData) for USART_ReceiveData
    main.o(i.UART4_IRQHandler) refers to stm32f10x_usart.o(i.USART_ClearFlag) for USART_ClearFlag
    main.o(i.UART4_IRQHandler) refers to main.o(.data) for mask_num
    main.o(i.UART4_IRQHandler) refers to main.o(.bss) for name
    main.o(i.USART3_IRQHandler) refers to stm32f10x_usart.o(i.USART_GetITStatus) for USART_GetITStatus
    main.o(i.USART3_IRQHandler) refers to stm32f10x_usart.o(i.USART_ReceiveData) for USART_ReceiveData
    main.o(i.USART3_IRQHandler) refers to stm32f10x_usart.o(i.USART_ClearFlag) for USART_ClearFlag
    main.o(i.USART3_IRQHandler) refers to main.o(.data) for USART3_RX_BUF
    main.o(i.alarm) refers to main.o(.data) for temp
    main.o(i.aliyun) refers to mqtt.o(i.connet_on) for connet_on
    main.o(i.aliyun) refers to dateup.o(i.Data_State) for Data_State
    main.o(i.aliyun) refers to delay.o(i.delay_ms) for delay_ms
    main.o(i.aliyun) refers to mqtt.o(i.connet_first) for connet_first
    main.o(i.aliyun) refers to mqtt.o(.data) for Connect_flag
    main.o(i.data_send) refers to main.o(i.ac_strlen) for ac_strlen
    main.o(i.data_send) refers to usart.o(i.UART3_SendString) for UART3_SendString
    main.o(i.data_send) refers to delay.o(i.delay_ms) for delay_ms
    main.o(i.data_send) refers to main.o(.data) for temp
    main.o(i.main) refers to _printf_percent.o(.ARM.Collect$$_printf_percent$$00000000) for _printf_percent
    main.o(i.main) refers to _printf_f.o(.ARM.Collect$$_printf_percent$$00000003) for _printf_f
    main.o(i.main) refers to printf1.o(x$fpl$printf1) for _printf_fp_dec
    main.o(i.main) refers to misc.o(i.NVIC_PriorityGroupConfig) for NVIC_PriorityGroupConfig
    main.o(i.main) refers to delay.o(i.delay_init) for delay_init
    main.o(i.main) refers to led.o(i.LED_Init) for LED_Init
    main.o(i.main) refers to key4_4.o(i.KEY_Init) for KEY_Init
    main.o(i.main) refers to rc522.o(i.RC522_Init) for RC522_Init
    main.o(i.main) refers to oled.o(i.OLED_Init) for OLED_Init
    main.o(i.main) refers to oled.o(i.OLED_Clear) for OLED_Clear
    main.o(i.main) refers to mq2.o(i.MQ2_Init) for MQ2_Init
    main.o(i.main) refers to mlx90614.o(i.SMBus_Init) for SMBus_Init
    main.o(i.main) refers to usart2.o(i.Usart2_Init) for Usart2_Init
    main.o(i.main) refers to usart.o(i.USART3_Init) for USART3_Init
    main.o(i.main) refers to usart.o(i.USART4_Init) for USART4_Init
    main.o(i.main) refers to usart1.o(i.Usart1_Init) for Usart1_Init
    main.o(i.main) refers to wifi.o(i.WiFi_ResetIO_Init) for WiFi_ResetIO_Init
    main.o(i.main) refers to mqtt.o(i.AliIoT_Parameter_Init) for AliIoT_Parameter_Init
    main.o(i.main) refers to dht11.o(i.DHT11_Init) for DHT11_Init
    main.o(i.main) refers to delay.o(i.delay_ms) for delay_ms
    main.o(i.main) refers to dht11.o(i.DHT11_Read_Data) for DHT11_Read_Data
    main.o(i.main) refers to mq2.o(i.MQ2_GetPPM) for MQ2_GetPPM
    main.o(i.main) refers to fdiv.o(x$fpl$fdiv) for __aeabi_fdiv
    main.o(i.main) refers to ffixu.o(x$fpl$ffixu) for __aeabi_f2uiz
    main.o(i.main) refers to main.o(i.alarm) for alarm
    main.o(i.main) refers to main.o(i.data_send) for data_send
    main.o(i.main) refers to oled.o(i.OLED_ShowString) for OLED_ShowString
    main.o(i.main) refers to rc522.o(i.card_unlock) for card_unlock
    main.o(i.main) refers to main.o(i.ac_strlen) for ac_strlen
    main.o(i.main) refers to usart.o(i.UART3_SendString) for UART3_SendString
    main.o(i.main) refers to oled.o(i.OLED_ShowChar) for OLED_ShowChar
    main.o(i.main) refers to key4_4.o(i.KEY_Scan) for KEY_Scan
    main.o(i.main) refers to mlx90614.o(i.SMBus_ReadTemp) for SMBus_ReadTemp
    main.o(i.main) refers to f2d.o(x$fpl$f2d) for __aeabi_f2d
    main.o(i.main) refers to __2sprintf.o(.text) for __2sprintf
    main.o(i.main) refers to dleqf.o(x$fpl$dleqf) for __aeabi_cdcmple
    main.o(i.main) refers to syn6288.o(i.SYN_FrameInfo) for SYN_FrameInfo
    main.o(i.main) refers to drleqf.o(x$fpl$drleqf) for __aeabi_cdrcmple
    main.o(i.main) refers to main.o(i.face) for face
    main.o(i.main) refers to main.o(.bss) for cp_time
    main.o(i.main) refers to main.o(.data) for tempH
    main.o(i.main) refers to strcat.o(.text) for strcat
    main.o(i.main) refers to main.o(i.new_card) for new_card
    main.o(i.main) refers to rc522.o(i.card_infor_entry) for card_infor_entry
    main.o(i.main) refers to main.o(i.aliyun) for aliyun
    main.o(i.new_card) refers to oled.o(i.OLED_Clear) for OLED_Clear
    main.o(i.new_card) refers to oled.o(i.OLED_ShowString) for OLED_ShowString
    main.o(i.new_card) refers to rc522.o(i.card_infor_entry) for card_infor_entry
[...]
    _printf_int_common                       0x08000825   Thumb Code   178  _printf_intcommon.o(.text)
    _printf_charcount                        0x080008d7   Thumb Code    40  _printf_charcount.o(.text)
    __lib_sel_fp_printf                      0x080008ff   Thumb Code     2  _printf_fp_dec.o(.text)
    _printf_fp_dec_real                      0x08000ab1   Thumb Code   620  _printf_fp_dec.o(.text)
    _printf_char_common                      0x08000d27   Thumb Code    32  _printf_char_common.o(.text)
    _sputc                                   0x08000d4d   Thumb Code    10  _sputc.o(.text)
    _printf_cs_common                        0x08000d57   Thumb Code    20  _printf_char.o(.text)
    _printf_char                             0x08000d6b   Thumb Code    16  _printf_char.o(.text)
    _printf_string                           0x08000d7b   Thumb Code     8  _printf_char.o(.text)
    _printf_wctomb                           0x08000d85   Thumb Code   182  _printf_wctomb.o(.text)
    _printf_longlong_dec                     0x08000e41   Thumb Code   108  _printf_longlong_dec.o(.text)
    _printf_longlong_oct                     0x08000ebd   Thumb Code    66  _printf_oct_int_ll.o(.text)
    _printf_int_oct                          0x08000eff   Thumb Code    24  _printf_oct_int_ll.o(.text)
    _printf_ll_oct                           0x08000f17   Thumb Code    12  _printf_oct_int_ll.o(.text)
    _printf_longlong_hex                     0x08000f2d   Thumb Code    86  _printf_hex_int_ll_ptr.o(.text)
    _printf_int_hex                          0x08000f83   Thumb Code    28  _printf_hex_int_ll_ptr.o(.text)
    _printf_ll_hex                           0x08000f9f   Thumb Code    12  _printf_hex_int_ll_ptr.o(.text)
    _printf_hex_ptr                          0x08000fab   Thumb Code    18  _printf_hex_int_ll_ptr.o(.text)
    __rt_locale                              0x08000fc1   Thumb Code     8  rt_locale_intlibspace.o(.text)
    __aeabi_errno_addr                       0x08000fc9   Thumb Code     8  rt_errno_addr_intlibspace.o(.text)
    __errno$intlibspace                      0x08000fc9   Thumb Code     0  rt_errno_addr_intlibspace.o(.text)
    __rt_errno_addr$intlibspace              0x08000fc9   Thumb Code     0  rt_errno_addr_intlibspace.o(.text)
    _ll_udiv10                               0x08000fd1   Thumb Code   138  lludiv10.o(.text)
    _printf_fp_hex_real                      0x0800105d   Thumb Code   756  _printf_fp_hex.o(.text)
    _printf_fp_infnan                        0x08001359   Thumb Code   112  _printf_fp_infnan.o(.text)
    _printf_lcs_common                       0x080013d9   Thumb Code    20  _printf_wchar.o(.text)
    _printf_wchar                            0x080013ed   Thumb Code    16  _printf_wchar.o(.text)
    _printf_wstring                          0x080013fd   Thumb Code     8  _printf_wchar.o(.text)
    _btod_etento                             0x08001405   Thumb Code   224  bigflt0.o(.text)
    _wcrtomb                                 0x080014e9   Thumb Code    64  _wcrtomb.o(.text)
    __user_libspace                          0x08001529   Thumb Code     8  libspace.o(.text)
    __user_perproc_libspace                  0x08001529   Thumb Code     0  libspace.o(.text)
    __user_perthread_libspace                0x08001529   Thumb Code     0  libspace.o(.text)
    __user_setup_stackheap                   0x08001531   Thumb Code    74  sys_stackheap_outer.o(.text)
    __rt_ctype_table                         0x0800157d   Thumb Code    16  rt_ctype_table.o(.text)
    exit                                     0x0800158d   Thumb Code    18  exit.o(.text)
    strcmp                                   0x080015a1   Thumb Code   128  strcmpv7m.o(.text)
    _sys_exit                                0x08001621   Thumb Code     8  sys_exit.o(.text)
    __I$use$semihosting                      0x0800162d   Thumb Code     0  use_no_semi.o(.text)
    __use_no_semihosting_swi                 0x0800162d   Thumb Code     2  use_no_semi.o(.text)
    __semihosting_library_function           0x0800162f   Thumb Code     0  indicate_semi.o(.text)
    _btod_d2e                                0x0800162f   Thumb Code    62  btod.o(CL$$btod_d2e)
    _d2e_denorm_low                          0x0800166d   Thumb Code    70  btod.o(CL$$btod_d2e_denorm_low)
    _d2e_norm_op1                            0x080016b3   Thumb Code    96  btod.o(CL$$btod_d2e_norm_op1)
    __btod_div_common                        0x08001713   Thumb Code   696  btod.o(CL$$btod_div_common)
    _e2e                                     0x08001a4b   Thumb Code   220  btod.o(CL$$btod_e2e)
    _btod_ediv                               0x08001b27   Thumb Code    42  btod.o(CL$$btod_ediv)
    _btod_emul                               0x08001b51   Thumb Code    42  btod.o(CL$$btod_emul)
    __btod_mult_common                       0x08001b7b   Thumb Code   580  btod.o(CL$$btod_mult_common)
    ADC1_Config                              0x08001dc1   Thumb Code   180  mq2.o(i.ADC1_Config)
    ADC_Cmd                                  0x08001e7d   Thumb Code    22  stm32f10x_adc.o(i.ADC_Cmd)
    ADC_DMACmd                               0x08001e93   Thumb Code    22  stm32f10x_adc.o(i.ADC_DMACmd)
    ADC_GetCalibrationStatus                 0x08001ea9   Thumb Code    20  stm32f10x_adc.o(i.ADC_GetCalibrationStatus)
    ADC_GetResetCalibrationStatus            0x08001ebd   Thumb Code    20  stm32f10x_adc.o(i.ADC_GetResetCalibrationStatus)
    ADC_Init                                 0x08001ed1   Thumb Code    70  stm32f10x_adc.o(i.ADC_Init)
    ADC_RegularChannelConfig                 0x08001f21   Thumb Code   184  stm32f10x_adc.o(i.ADC_RegularChannelConfig)
    ADC_ResetCalibration                     0x08001fd9   Thumb Code    10  stm32f10x_adc.o(i.ADC_ResetCalibration)
    ADC_SoftwareStartConvCmd                 0x08001fe3   Thumb Code    22  stm32f10x_adc.o(i.ADC_SoftwareStartConvCmd)
    ADC_StartCalibration                     0x08001ff9   Thumb Code    10  stm32f10x_adc.o(i.ADC_StartCalibration)
    AliIoT_Parameter_Init                    0x08002005   Thumb Code   186  mqtt.o(i.AliIoT_Parameter_Init)
    BusFault_Handler                         0x080021d9   Thumb Code     2  stm32f10x_it.o(i.BusFault_Handler)
    CMDBuf_Deal                              0x080021dd   Thumb Code    96  mqtt.o(i.CMDBuf_Deal)
    ClearBitMask                             0x08002249   Thumb Code    26  rc522.o(i.ClearBitMask)
    DHT11_Init                               0x080022bd   Thumb Code    40  dht11.o(i.DHT11_Init)
    DHT11_Read_Data                          0x08002363   Thumb Code    90  dht11.o(i.DHT11_Read_Data)
    DMA1_Channel7_IRQHandler                 0x080023ed   Thumb Code    36  stm32f10x_it.o(i.DMA1_Channel7_IRQHandler)
    DMA_ClearITPendingBit                    0x08002419   Thumb Code    18  stm32f10x_dma.o(i.DMA_ClearITPendingBit)
    DMA_Cmd                                  0x08002435   Thumb Code    24  stm32f10x_dma.o(i.DMA_Cmd)
    DMA_Config                               0x0800244d   Thumb Code    84  mq2.o(i.DMA_Config)
    DMA_GetCurrDataCounter                   0x080024ad   Thumb Code     8  stm32f10x_dma.o(i.DMA_GetCurrDataCounter)
    DMA_GetITStatus                          0x080024b5   Thumb Code    36  stm32f10x_dma.o(i.DMA_GetITStatus)
    DMA_ITConfig                             0x080024e1   Thumb Code    18  stm32f10x_dma.o(i.DMA_ITConfig)
    DMA_Init                                 0x080024f3   Thumb Code    60  stm32f10x_dma.o(i.DMA_Init)
    Data_State                               0x08002531   Thumb Code    88  dateup.o(i.Data_State)
    DebugMon_Handler                         0x080025f9   Thumb Code     2  stm32f10x_it.o(i.DebugMon_Handler)
    GPIO_Init                                0x080025fb   Thumb Code   278  stm32f10x_gpio.o(i.GPIO_Init)
    GPIO_ReadInputDataBit                    0x08002711   Thumb Code    18  stm32f10x_gpio.o(i.GPIO_ReadInputDataBit)
    GPIO_ResetBits                           0x08002723   Thumb Code     4  stm32f10x_gpio.o(i.GPIO_ResetBits)
    GPIO_SetBits                             0x08002759   Thumb Code     4  stm32f10x_gpio.o(i.GPIO_SetBits)
    GPIO_WriteBit                            0x0800275d   Thumb Code    10  stm32f10x_gpio.o(i.GPIO_WriteBit)
    HardFault_Handler                        0x08002767   Thumb Code     2  stm32f10x_it.o(i.HardFault_Handler)
    KEY_Init                                 0x08002769   Thumb Code    52  key4_4.o(i.KEY_Init)
    KEY_Scan                                 0x080027a5   Thumb Code   150  key4_4.o(i.KEY_Scan)
    LED_Init                                 0x08002849   Thumb Code    68  led.o(i.LED_Init)
    M500PcdConfigISOType                     0x08002895   Thumb Code    84  rc522.o(i.M500PcdConfigISOType)
    MQ2_GetPPM                               0x080028e9   Thumb Code   108  mq2.o(i.MQ2_GetPPM)
    MQ2_GetVol                               0x0800296d   Thumb Code    50  mq2.o(i.MQ2_GetVol)
    MQ2_Init                                 0x080029ad   Thumb Code    12  mq2.o(i.MQ2_Init)
    MQ2_PPM_Calibration                      0x080029b9   Thumb Code    54  mq2.o(i.MQ2_PPM_Calibration)
    MQTT_Buff_Init                           0x080029fd   Thumb Code    90  mqtt.o(i.MQTT_Buff_Init)
    MQTT_ConectPack                          0x08002ad5   Thumb Code   496  mqtt.o(i.MQTT_ConectPack)
    MQTT_DealPushdata_Qs0                    0x08002ced   Thumb Code   234  mqtt.o(i.MQTT_DealPushdata_Qs0)
    MQTT_PingREQ                             0x08002df5   Thumb Code    22  mqtt.o(i.MQTT_PingREQ)
    MQTT_PublishQs0                          0x08002e11   Thumb Code   220  mqtt.o(i.MQTT_PublishQs0)
    MQTT_Subscribe                           0x08002efd   Thumb Code   134  mqtt.o(i.MQTT_Subscribe)
    MemManage_Handler                        0x08002f95   Thumb Code     2  stm32f10x_it.o(i.MemManage_Handler)
    NMI_Handler                              0x08002f97   Thumb Code     2  stm32f10x_it.o(i.NMI_Handler)
    NVIC_Init                                0x08002f99   Thumb Code   100  misc.o(i.NVIC_Init)
    NVIC_PriorityGroupConfig                 0x08003009   Thumb Code    10  misc.o(i.NVIC_PriorityGroupConfig)
    OLED_Clear                               0x0800301d   Thumb Code    64  oled.o(i.OLED_Clear)
    OLED_Init                                0x0800305d   Thumb Code   332  oled.o(i.OLED_Init)
    OLED_Set_Pos                             0x080031b1   Thumb Code    46  oled.o(i.OLED_Set_Pos)
    OLED_ShowChar                            0x080031e1   Thumb Code   106  oled.o(i.OLED_ShowChar)
    OLED_ShowString                          0x08003251   Thumb Code    54  oled.o(i.OLED_ShowString)
    OLED_WR_Byte                             0x08003289   Thumb Code   126  oled.o(i.OLED_WR_Byte)
    PEC_Calculation                          0x08003311   Thumb Code   186  mlx90614.o(i.PEC_Calculation)
    PcdAntennaOn                             0x080033cb   Thumb Code    26  rc522.o(i.PcdAntennaOn)
    PcdAnticoll                              0x080033e5   Thumb Code   112  rc522.o(i.PcdAnticoll)
    PcdComMF522                              0x08003455   Thumb Code   306  rc522.o(i.PcdComMF522)
    PcdRequest                               0x08003587   Thumb Code    84  rc522.o(i.PcdRequest)
    PcdReset                                 0x080035dd   Thumb Code   124  rc522.o(i.PcdReset)
    PendSV_Handler                           0x0800365d   Thumb Code     2  stm32f10x_it.o(i.PendSV_Handler)
    RC522_Init                               0x08003661   Thumb Code    34  rc522.o(i.RC522_Init)
    RCC_ADCCLKConfig                         0x0800368d   Thumb Code    18  stm32f10x_rcc.o(i.RCC_ADCCLKConfig)
    RCC_AHBPeriphClockCmd                    0x080036a5   Thumb Code    26  stm32f10x_rcc.o(i.RCC_AHBPeriphClockCmd)
    RCC_APB1PeriphClockCmd                   0x080036c5   Thumb Code    26  stm32f10x_rcc.o(i.RCC_APB1PeriphClockCmd)
    RCC_APB1PeriphResetCmd                   0x080036e5   Thumb Code    26  stm32f10x_rcc.o(i.RCC_APB1PeriphResetCmd)
    RCC_APB2PeriphClockCmd                   0x08003705   Thumb Code    26  stm32f10x_rcc.o(i.RCC_APB2PeriphClockCmd)
    RCC_APB2PeriphResetCmd                   0x08003725   Thumb Code    26  stm32f10x_rcc.o(i.RCC_APB2PeriphResetCmd)
    RCC_GetClocksFreq                        0x08003745   Thumb Code   192  stm32f10x_rcc.o(i.RCC_GetClocksFreq)
    ReadRawRC                                0x08003819   Thumb Code    46  rc522.o(i.ReadRawRC)
    SMBus_Delay                              0x0800384d   Thumb Code    26  mlx90614.o(i.SMBus_Delay)
    SMBus_Init                               0x08003869   Thumb Code    54  mlx90614.o(i.SMBus_Init)
    SMBus_ReadMemory                         0x080038a5   Thumb Code   166  mlx90614.o(i.SMBus_ReadMemory)
    SMBus_ReadTemp                           0x0800394d   Thumb Code    66  mlx90614.o(i.SMBus_ReadTemp)
    SMBus_ReceiveBit                         0x080039a1   Thumb Code    68  mlx90614.o(i.SMBus_ReceiveBit)
    SMBus_ReceiveByte                        0x080039e9   Thumb Code    50  mlx90614.o(i.SMBus_ReceiveByte)
    SMBus_SendBit                            0x08003a1d   Thumb Code    64  mlx90614.o(i.SMBus_SendBit)
    SMBus_SendByte                           0x08003a61   Thumb Code    48  mlx90614.o(i.SMBus_SendByte)
    SMBus_StartBit                           0x08003a91   Thumb Code    64  mlx90614.o(i.SMBus_StartBit)
    SMBus_StopBit                            0x08003ad5   Thumb Code    58  mlx90614.o(i.SMBus_StopBit)
    SPI1_Init                                0x08003b15   Thumb Code   224  rc522.o(i.SPI1_Init)
    SPI_Cmd                                  0x08003c01   Thumb Code    24  stm32f10x_spi.o(i.SPI_Cmd)
    SPI_Init                                 0x08003c19   Thumb Code    60  stm32f10x_spi.o(i.SPI_Init)
    SPI_RC522_ReadByte                       0x08003c55   Thumb Code    72  rc522.o(i.SPI_RC522_ReadByte)
    SPI_RC522_SendByte                       0x08003ca1   Thumb Code    80  rc522.o(i.SPI_RC522_SendByte)
    SVC_Handler                              0x08003cf5   Thumb Code     2  stm32f10x_it.o(i.SVC_Handler)
    SYN_FrameInfo                            0x08003cf7   Thumb Code   122  syn6288.o(i.SYN_FrameInfo)
    SetBitMask                               0x08003d71   Thumb Code    26  rc522.o(i.SetBitMask)
    ShowID                                   0x08003e75   Thumb Code   162  rc522.o(i.ShowID)
    SysTick_CLKSourceConfig                  0x08003f17   Thumb Code    40  misc.o(i.SysTick_CLKSourceConfig)
    SysTick_Handler                          0x08003f41   Thumb Code    12  delay.o(i.SysTick_Handler)
    SystemInit                               0x08003f51   Thumb Code    78  system_stm32f10x.o(i.SystemInit)
    TIM2_ENABLE_1S                           0x08003fb1   Thumb Code   118  timer2.o(i.TIM2_ENABLE_1S)
    TIM2_IRQHandler                          0x08004029   Thumb Code    32  stm32f10x_it.o(i.TIM2_IRQHandler)
    TIM3_ENABLE_2S                           0x0800404d   Thumb Code   116  timer3.o(i.TIM3_ENABLE_2S)
    TIM3_ENABLE_30S                          0x080040c5   Thumb Code   114  timer3.o(i.TIM3_ENABLE_30S)
    TIM3_IRQHandler                          0x0800413d   Thumb Code    94  stm32f10x_it.o(i.TIM3_IRQHandler)
    TIM_ClearITPendingBit                    0x080041a9   Thumb Code     6  stm32f10x_tim.o(i.TIM_ClearITPendingBit)
    TIM_Cmd                                  0x080041af   Thumb Code    24  stm32f10x_tim.o(i.TIM_Cmd)
    TIM_DeInit                               0x080041c9   Thumb Code   424  stm32f10x_tim.o(i.TIM_DeInit)
    TIM_GetITStatus                          0x080043b1   Thumb Code    34  stm32f10x_tim.o(i.TIM_GetITStatus)
    TIM_ITConfig                             0x080043d3   Thumb Code    18  stm32f10x_tim.o(i.TIM_ITConfig)
    TIM_TimeBaseInit                         0x080043e5   Thumb Code   122  stm32f10x_tim.o(i.TIM_TimeBaseInit)
    TxDataBuf_Deal                           0x08004489   Thumb Code    86  mqtt.o(i.TxDataBuf_Deal)
    UART3_SendString                         0x080044ed   Thumb Code    42  usart.o(i.UART3_SendString)
    UART4_IRQHandler                         0x0800451d   Thumb Code   124  main.o(i.UART4_IRQHandler)
    UART4_SendString                         0x080045ad   Thumb Code    42  usart.o(i.UART4_SendString)
    USART2_IRQHandler                        0x080045dd   Thumb Code   206  stm32f10x_it.o(i.USART2_IRQHandler)
    USART3_IRQHandler                        0x080046cd   Thumb Code   626  main.o(i.USART3_IRQHandler)
    USART3_Init                              0x08004979   Thumb Code   174  usart.o(i.USART3_Init)
    USART4_Init                              0x08004a31   Thumb Code   174  usart.o(i.USART4_Init)
    USART_ClearFlag                          0x08004ae9   Thumb Code    18  stm32f10x_usart.o(i.USART_ClearFlag)
    USART_Cmd                                0x08004afb   Thumb Code    24  stm32f10x_usart.o(i.USART_Cmd)
    USART_DMACmd                             0x08004b13   Thumb Code    18  stm32f10x_usart.o(i.USART_DMACmd)
    USART_DeInit                             0x08004b25   Thumb Code   134  stm32f10x_usart.o(i.USART_DeInit)
    USART_GetFlagStatus                      0x08004bc1   Thumb Code    26  stm32f10x_usart.o(i.USART_GetFlagStatus)
    USART_GetITStatus                        0x08004bdb   Thumb Code    84  stm32f10x_usart.o(i.USART_GetITStatus)
    USART_ITConfig                           0x08004c2f   Thumb Code    74  stm32f10x_usart.o(i.USART_ITConfig)
    USART_Init                               0x08004c79   Thumb Code   210  stm32f10x_usart.o(i.USART_Init)
    USART_ReceiveData                        0x08004d51   Thumb Code    10  stm32f10x_usart.o(i.USART_ReceiveData)
    USART_SendData                           0x08004d5b   Thumb Code     8  stm32f10x_usart.o(i.USART_SendData)
    UsageFault_Handler                       0x08004d63   Thumb Code     2  stm32f10x_it.o(i.UsageFault_Handler)
    Usart1_Init                              0x08004d65   Thumb Code   118  usart1.o(i.Usart1_Init)
    Usart2DMA_init                           0x08004de5   Thumb Code   192  usart2.o(i.Usart2DMA_init)
    Usart2_IDELInit                          0x08004eb5   Thumb Code   198  usart2.o(i.Usart2_IDELInit)
    Usart2_Init                              0x08004f85   Thumb Code   182  usart2.o(i.Usart2_Init)
    WiFi_Connect_IoTServer                   0x08005045   Thumb Code   232  wifi.o(i.WiFi_Connect_IoTServer)
    WiFi_Connect_Server                      0x08005335   Thumb Code   190  wifi.o(i.WiFi_Connect_Server)
    WiFi_JoinAP                              0x08005489   Thumb Code    88  wifi.o(i.WiFi_JoinAP)
    WiFi_Reset                               0x08005531   Thumb Code    88  wifi.o(i.WiFi_Reset)
    WiFi_ResetIO_Init                        0x080055a1   Thumb Code    48  wifi.o(i.WiFi_ResetIO_Init)
    WiFi_SendCmd                             0x080055d5   Thumb Code    86  wifi.o(i.WiFi_SendCmd)
    WriteRawRC                               0x08005649   Thumb Code    42  rc522.o(i.WriteRawRC)
    __ARM_fpclassify                         0x08005679   Thumb Code    40  fpclassify.o(i.__ARM_fpclassify)
    __kernel_poly                            0x080056a1   Thumb Code   170  poly.o(i.__kernel_poly)
    __mathlib_dbl_divzero                    0x0800574d   Thumb Code    12  dunder.o(i.__mathlib_dbl_divzero)
    __mathlib_dbl_infnan2                    0x0800575d   Thumb Code     4  dunder.o(i.__mathlib_dbl_infnan2)
    __mathlib_dbl_invalid                    0x08005761   Thumb Code    12  dunder.o(i.__mathlib_dbl_invalid)
    __mathlib_dbl_overflow                   0x0800576d   Thumb Code    14  dunder.o(i.__mathlib_dbl_overflow)
    __mathlib_dbl_underflow                  0x0800577d   Thumb Code    10  dunder.o(i.__mathlib_dbl_underflow)
    _is_digit                                0x0800578d   Thumb Code    14  __printf_wp.o(i._is_digit)
    ac_strlen                                0x0800579b   Thumb Code    18  main.o(i.ac_strlen)
    alarm                                    0x080057ad   Thumb Code   158  main.o(i.alarm)
    aliyun                                   0x0800587d   Thumb Code    32  main.o(i.aliyun)
    card_infor_entry                         0x080058a1   Thumb Code   572  rc522.o(i.card_infor_entry)
    card_unlock                              0x08005aed   Thumb Code   166  rc522.o(i.card_unlock)
    connet_first                             0x08005ba5   Thumb Code   118  mqtt.o(i.connet_first)
    connet_on                                0x08005c5d   Thumb Code   468  mqtt.o(i.connet_on)
    data_send                                0x08005fe9   Thumb Code   372  main.o(i.data_send)
    delay_init                               0x08006195   Thumb Code    82  delay.o(i.delay_init)
    delay_ms                                 0x080061f9   Thumb Code    60  delay.o(i.delay_ms)
    delay_us                                 0x08006239   Thumb Code    60  delay.o(i.delay_us)
    face                                     0x08006279   Thumb Code    20  main.o(i.face)
    main                                     0x0800628d   Thumb Code  2026  main.o(i.main)
    my_strlen                                0x08006b19   Thumb Code    22  rc522.o(i.my_strlen)
    new_card                                 0x08006b31   Thumb Code   150  main.o(i.new_card)
    pow                                      0x08006c05   Thumb Code  2512  pow.o(i.pow)
    sqrt                                     0x080075dd   Thumb Code    76  sqrt.o(i.sqrt)
    u1_printf                                0x08007629   Thumb Code    84  usart1.o(i.u1_printf)
    u2_TxData                                0x08007685   Thumb Code    44  usart2.o(i.u2_TxData)
    u2_printf                                0x080076b9   Thumb Code    84  usart2.o(i.u2_printf)
    utils_hb2hex                             0x08007715   Thumb Code    24  utils_md5.o(i.utils_hb2hex)
    utils_hmac_sha1                          0x0800772d   Thumb Code   232  utils_hmac.o(i.utils_hmac_sha1)
    utils_sha1_finish                        0x08007815   Thumb Code   228  utils_sha1.o(i.utils_sha1_finish)
    utils_sha1_init                          0x080078fd   Thumb Code    14  utils_sha1.o(i.utils_sha1_init)
    utils_sha1_process                       0x0800790d   Thumb Code  6420  utils_sha1.o(i.utils_sha1_process)
    utils_sha1_starts                        0x08009229   Thumb Code    30  utils_sha1.o(i.utils_sha1_starts)
    utils_sha1_update                        0x08009255   Thumb Code   124  utils_sha1.o(i.utils_sha1_update)
    _get_lc_numeric                          0x080092d1   Thumb Code    44  lc_numeric_c.o(locale$$code)
    _get_lc_ctype                            0x080092fd   Thumb Code    44  lc_ctype_c.o(locale$$code)
    __aeabi_d2f                              0x08009329   Thumb Code     0  d2f.o(x$fpl$d2f)
    _d2f                                     0x08009329   Thumb Code    98  d2f.o(x$fpl$d2f)
    __aeabi_dadd                             0x0800938d   Thumb Code     0  daddsub_clz.o(x$fpl$dadd)
    _dadd                                    0x0800938d   Thumb Code   332  daddsub_clz.o(x$fpl$dadd)
    __fpl_dcheck_NaN1                        0x080094dd   Thumb Code    10  dcheck1.o(x$fpl$dcheck1)
    __fpl_dcmp_Inf                           0x080094ed   Thumb Code    24  dcmpi.o(x$fpl$dcmpinf)
    __aeabi_ddiv                             0x08009505   Thumb Code     0  ddiv.o(x$fpl$ddiv)
    _ddiv                                    0x08009505   Thumb Code   552  ddiv.o(x$fpl$ddiv)
    __aeabi_i2d                              0x080097b5   Thumb Code     0  dflt_clz.o(x$fpl$dflt)
    _dflt                                    0x080097b5   Thumb Code    46  dflt_clz.o(x$fpl$dflt)
    __aeabi_ui2d                             0x080097e3   Thumb Code     0  dflt_clz.o(x$fpl$dfltu)
    _dfltu                                   0x080097e3   Thumb Code    38  dflt_clz.o(x$fpl$dfltu)
    __aeabi_cdcmple                          0x08009809   Thumb Code     0  dleqf.o(x$fpl$dleqf)
    _dcmple                                  0x08009809   Thumb Code   120  dleqf.o(x$fpl$dleqf)
    __fpl_dcmple_InfNaN                      0x0800986b   Thumb Code     0  dleqf.o(x$fpl$dleqf)
    __aeabi_dmul                             0x08009881   Thumb Code     0  dmul.o(x$fpl$dmul)
    _dmul                                    0x08009881   Thumb Code   332  dmul.o(x$fpl$dmul)
    __fpl_dnaninf                            0x080099d5   Thumb Code   156  dnaninf.o(x$fpl$dnaninf)
    __fpl_dretinf                            0x08009a71   Thumb Code    12  dretinf.o(x$fpl$dretinf)
    __aeabi_cdrcmple                         0x08009a7d   Thumb Code     0  drleqf.o(x$fpl$drleqf)
    _drcmple                                 0x08009a7d   Thumb Code   108  drleqf.o(x$fpl$drleqf)
    __aeabi_drsub                            0x08009ae9   Thumb Code     0  daddsub_clz.o(x$fpl$drsb)
    _drsb                                    0x08009ae9   Thumb Code    22  daddsub_clz.o(x$fpl$drsb)
    _dsqrt                                   0x08009b01   Thumb Code   456  dsqrt_noumaal.o(x$fpl$dsqrt)
    __aeabi_dsub                             0x08009ccd   Thumb Code     0  daddsub_clz.o(x$fpl$dsub)
    _dsub                                    0x08009ccd   Thumb Code   464  daddsub_clz.o(x$fpl$dsub)
    __aeabi_f2d                              0x08009ea1   Thumb Code     0  f2d.o(x$fpl$f2d)
    _f2d                                     0x08009ea1   Thumb Code    86  f2d.o(x$fpl$f2d)
    __aeabi_fadd                             0x08009ef9   Thumb Code     0  faddsub_clz.o(x$fpl$fadd)
    _fadd                                    0x08009ef9   Thumb Code   196  faddsub_clz.o(x$fpl$fadd)
    __aeabi_fdiv                             0x08009fbd   Thumb Code     0  fdiv.o(x$fpl$fdiv)
    _fdiv                                    0x08009fbd   Thumb Code   384  fdiv.o(x$fpl$fdiv)
    __aeabi_f2uiz                            0x0800a141   Thumb Code     0  ffixu.o(x$fpl$ffixu)
    _ffixu                                   0x0800a141   Thumb Code    62  ffixu.o(x$fpl$ffixu)
    __aeabi_ui2f                             0x0800a181   Thumb Code     0  fflt_clz.o(x$fpl$ffltu)
    _ffltu                                   0x0800a181   Thumb Code    38  fflt_clz.o(x$fpl$ffltu)
    __aeabi_fmul                             0x0800a1a9   Thumb Code     0  fmul.o(x$fpl$fmul)
    _fmul                                    0x0800a1a9   Thumb Code   258  fmul.o(x$fpl$fmul)
    __fpl_fnaninf                            0x0800a2ab   Thumb Code   140  fnaninf.o(x$fpl$fnaninf)
    __fpl_fretinf                            0x0800a337   Thumb Code    10  fretinf.o(x$fpl$fretinf)
    __aeabi_fsub                             0x0800a341   Thumb Code     0  faddsub_clz.o(x$fpl$fsub)
    _fsub                                    0x0800a341   Thumb Code   234  faddsub_clz.o(x$fpl$fsub)
    _printf_fp_dec                           0x0800a42b   Thumb Code     4  printf1.o(x$fpl$printf1)
    _printf_fp_hex                           0x0800a42f   Thumb Code     4  printf2.o(x$fpl$printf2)
    __fpl_return_NaN                         0x0800a433   Thumb Code   100  retnan.o(x$fpl$retnan)
    __ARM_scalbn                             0x0800a497   Thumb Code    92  scalbn.o(x$fpl$scalbn)
    __fpl_cmpreturn                          0x0800a4f3   Thumb Code    48  trapv.o(x$fpl$trapveneer)
    F6x8                                     0x0800a522   Data         552  oled.o(.constdata)
    __I$use$fp                               0x0800a522   Number         0  usenofp.o(x$fpl$usenofp)
    F8X16                                    0x0800a74a   Data        1520  oled.o(.constdata)
    __mathlib_zero                           0x0800ae48   Data           8  qnan.o(.constdata)
    Region$$Table$$Base                      0x0800af80   Number         0  anon$$obj.o(Region$$Table)
    Region$$Table$$Limit                     0x0800afa0   Number         0  anon$$obj.o(Region$$Table)
    __ctype                                  0x0800afc9   Data           0  lc_ctype_c.o(locale$$data)
    SYN_StopCom                              0x20000000   Data           5  main.o(.data)
    SYN_SuspendCom                           0x20000005   Data           5  main.o(.data)
    SYN_RecoverCom                           0x2000000a   Data           5  main.o(.data)
    SYN_ChackCom                             0x2000000f   Data           5  main.o(.data)
    SYN_PowerDownCom                         0x20000014   Data           5  main.o(.data)
    USART3_RX_BUF                            0x20000019   Data           4  main.o(.data)
    num_device                               0x2000001d   Data           3  main.o(.data)
    temp_mlx                                 0x20000020   Data           4  main.o(.data)
    temp                                     0x20000024   Data           1  main.o(.data)
    humi                                     0x20000025   Data           1  main.o(.data)
    ppm                                      0x20000026   Data           1  main.o(.data)
    Rxnum                                    0x20000027   Data           1  main.o(.data)
    card_num                                 0x20000028   Data           1  main.o(.data)
    card_num_device                          0x20000029   Data           1  main.o(.data)
    face_num                                 0x2000002a   Data           1  main.o(.data)
    tempH                                    0x2000002b   Data           1  main.o(.data)
    tempL                                    0x2000002c   Data           1  main.o(.data)
    rhH                                      0x2000002d   Data           1  main.o(.data)
    rhL                                      0x2000002e   Data           1  main.o(.data)
    ppm_pre                                  0x2000002f   Data           1  main.o(.data)
    led_temp_status                          0x20000030   Data           1  main.o(.data)
    led2_status                              0x20000031   Data           1  main.o(.data)
    led_humi_status                          0x20000032   Data           1  main.o(.data)
    led4_status                              0x20000033   Data           1  main.o(.data)
    led_ppm_status                           0x20000034   Data           1  main.o(.data)
    alarm_num                                0x20000035   Data           1  main.o(.data)
    set_flag                                 0x20000036   Data           1  main.o(.data)
    r_flag                                   0x20000037   Data           1  main.o(.data)
    y_flag                                   0x20000038   Data           1  main.o(.data)
    f_flag                                   0x20000039   Data           1  main.o(.data)
    n_flag                                   0x2000003a   Data           1  main.o(.data)
    d_flag                                   0x2000003b   Data           1  main.o(.data)
    mask                                     0x2000003c   Data           4  main.o(.data)
    TEHUTimer                                0x20000040   Data           4  main.o(.data)
    SystemTimer                              0x20000044   Data           4  main.o(.data)
    Usart2_RxCompleted                       0x2000004c   Data           1  usart2.o(.data)
    Usart2_RxCounter                         0x20000050   Data           4  usart2.o(.data)
    DMA_flag                                 0x20000054   Data           1  usart2.o(.data)
    wifi_mode                                0x20000055   Data           1  wifi.o(.data)
    MQTT_RxDataInPtr                         0x20000058   Data           4  mqtt.o(.data)
    MQTT_RxDataOutPtr                        0x2000005c   Data           4  mqtt.o(.data)
    MQTT_RxDataEndPtr                        0x20000060   Data           4  mqtt.o(.data)
    MQTT_TxDataInPtr                         0x20000064   Data           4  mqtt.o(.data)
    MQTT_TxDataOutPtr                        0x20000068   Data           4  mqtt.o(.data)
    MQTT_TxDataEndPtr                        0x2000006c   Data           4  mqtt.o(.data)
    MQTT_CMDInPtr                            0x20000070   Data           4  mqtt.o(.data)
    MQTT_CMDOutPtr                           0x20000074   Data           4  mqtt.o(.data)
    MQTT_CMDEndPtr                           0x20000078   Data           4  mqtt.o(.data)
    ClientID_len                             0x2000007c   Data           4  mqtt.o(.data)
    Username_len                             0x20000080   Data           4  mqtt.o(.data)
    Passward_len                             0x20000084   Data           4  mqtt.o(.data)
    ServerPort                               0x20000088   Data           4  mqtt.o(.data)
    Fixed_len                                0x2000008c   Data           4  mqtt.o(.data)
    Variable_len                             0x20000090   Data           4  mqtt.o(.data)
    Payload_len                              0x20000094   Data           4  mqtt.o(.data)
    Ping_flag                                0x20000098   Data           1  mqtt.o(.data)
    Connect_flag                             0x20000099   Data           1  mqtt.o(.data)
    ConnectPack_flag                         0x2000009a   Data           1  mqtt.o(.data)
    SubcribePack_flag                        0x2000009b   Data           1  mqtt.o(.data)
    GPIO_InitStructure                       0x2000009c   Data           4  dht11.o(.data)
    num                                      0x200000b0   Data           4  key4_4.o(.data)
    warning                                  0x200000b4   Data           4  key4_4.o(.data)
    warning1                                 0x200000b8   Data           4  key4_4.o(.data)
    scan_key                                 0x200000bc   Data           5  key4_4.o(.data)
    row_clear                                0x200000c1   Data          16  key4_4.o(.data)
    arr_count                                0x200000d8   Data           4  mq2.o(.data)
    DMA_buf                                  0x200000dc   Data           6  mq2.o(.data)
    CT                                       0x200000e2   Data           2  rc522.o(.data)
    SN                                       0x200000e4   Data           4  rc522.o(.data)
    card1_bit                                0x200000e8   Data           1  rc522.o(.data)
    card2_bit                                0x200000e9   Data           1  rc522.o(.data)
    card3_bit                                0x200000ea   Data           1  rc522.o(.data)
    card4_bit                                0x200000eb   Data           1  rc522.o(.data)
    total                                    0x200000ec   Data           1  rc522.o(.data)
    card_0                                   0x200000ed   Data           4  rc522.o(.data)
    card_1                                   0x200000f1   Data           4  rc522.o(.data)
    card_sql                                 0x200000f5   Data         101  rc522.o(.data)
    KEY_A                                    0x2000015a   Data           6  rc522.o(.data)
    KEY_B                                    0x20000160   Data           6  rc522.o(.data)
    AUDIO_OPEN                               0x20000166   Data           6  rc522.o(.data)
    RFID1                                    0x2000016c   Data          16  rc522.o(.data)
    RFID2                                    0x2000017c   Data          16  rc522.o(.data)
    KEY_A1                                   0x2000018c   Data           6  rc522.o(.data)
    KEY_A2                                   0x20000192   Data           6  rc522.o(.data)
    KEY_B1                                   0x20000198   Data           6  rc522.o(.data)
    KEY_B2                                   0x2000019e   Data           6  rc522.o(.data)
    KEY_B3                                   0x200001a4   Data           6  rc522.o(.data)
    DATA_Reset                               0x200001aa   Data          16  rc522.o(.data)
    DATA1                                    0x200001ba   Data          16  rc522.o(.data)
    status                                   0x200001ca   Data           1  rc522.o(.data)
    addr                                     0x200001cb   Data           1  rc522.o(.data)
    UID_str                                  0x200001cc   Data          10  rc522.o(.data)
    i                                        0x200001d6   Data           1  rc522.o(.data)
    SystemCoreClock                          0x200001d8   Data           4  system_stm32f10x.o(.data)
    AHBPrescTable                            0x200001dc   Data          16  system_stm32f10x.o(.data)
    boot_time_ms                             0x20000204   Data           4  delay.o(.data)
    cp_time                                  0x20000208   Data          15  main.o(.bss)
    USART3_TX_BUF                            0x20000217   Data          40  main.o(.bss)
    name                                     0x2000023f   Data          20  main.o(.bss)
    Usart1_TxBuff                            0x20000258   Data         256  usart1.o(.bss)
    Usart2_RxBuff                            0x20000358   Data        1024  usart2.o(.bss)
    USART2_TxBuff                            0x20000758   Data        1024  usart2.o(.bss)
    MQTT_RxDataBuf                           0x20000b58   Data        2400  mqtt.o(.bss)
    MQTT_TxDataBuf                           0x200014b8   Data        2400  mqtt.o(.bss)
    MQTT_CMDBuf                              0x20001e18   Data        2400  mqtt.o(.bss)
    ClientID                                 0x20002778   Data         128  mqtt.o(.bss)
    Username                                 0x200027f8   Data         128  mqtt.o(.bss)
    Passward                                 0x20002878   Data         128  mqtt.o(.bss)
    ServerIP                                 0x200028f8   Data         128  mqtt.o(.bss)
    temp_buff                                0x20002978   Data         300  mqtt.o(.bss)
    __libspace_start                         0x20002aa4   Data          96  libspace.o(.bss)
    __temporary_stack_top$libspace           0x20002b04   Data           0  libspace.o(.bss)



==============================================================================

Memory Map of the image

  Image Entry point : 0x080002b9

  Load Region LR_1 (Base: 0x08000000, Size: 0x0000b2d4, Max: 0xffffffff, ABSOLUTE, COMPRESSED[0x0000b154])

    Execution Region ER_RO (Exec base: 0x08000000, Load base: 0x08000000, Size: 0x0000b0cc, Max: 0xffffffff, ABSOLUTE)

    Exec Addr    Load Addr    Size         Type   Attr      Idx    E Section Name        Object

    0x08000000   0x08000000   0x00000130   Data   RO         1406    RESET               startup_stm32f10x_hd.o
    0x08000130   0x08000130   0x00000008   Code   RO         3277  * !!!main             c_w.l(__main.o)
    0x08000138   0x08000138   0x00000034   Code   RO         3680    !!!scatter          c_w.l(__scatter.o)
    0x0800016c   0x0800016c   0x0000005a   Code   RO         3678    !!dczerorl2         c_w.l(__dczerorl2.o)
    0x080001c6   0x080001c6   0x00000002   PAD
    0x080001c8   0x080001c8   0x0000001c   Code   RO         3682    !!handler_zi        c_w.l(__scatter_zi.o)
    0x080001e4   0x080001e4   0x00000000   Code   RO         3258    .ARM.Collect$$_printf_percent$$00000000  c_w.l(_printf_percent.o)
    0x080001e4   0x080001e4   0x00000006   Code   RO         3391    .ARM.Collect$$_printf_percent$$00000001  c_w.l(_printf_n.o)
    0x080001ea   0x080001ea   0x00000006   Code   RO         3393    .ARM.Collect$$_printf_percent$$00000002  c_w.l(_printf_p.o)
    0x080001f0   0x080001f0   0x00000006   Code   RO         3257    .ARM.Collect$$_printf_percent$$00000003  c_w.l(_printf_f.o)
    0x080001f6   0x080001f6   0x00000006   Code   RO         3397    .ARM.Collect$$_printf_percent$$00000004  c_w.l(_printf_e.o)
    0x080001fc   0x080001fc   0x00000006   Code   RO         3398    .ARM.Collect$$_printf_percent$$00000005  c_w.l(_printf_g.o)
    0x08000202   0x08000202   0x00000006   Code   RO         3399    .ARM.Collect$$_printf_percent$$00000006  c_w.l(_printf_a.o)
    0x08000208   0x08000208   0x0000000a   Code   RO         3404    .ARM.Collect$$_printf_percent$$00000007  c_w.l(_printf_ll.o)
    0x08000212   0x08000212   0x00000006   Code   RO         3395    .ARM.Collect$$_printf_percent$$00000008  c_w.l(_printf_i.o)
    0x08000218   0x08000218   0x00000006   Code   RO         3256    .ARM.Collect$$_printf_percent$$00000009  c_w.l(_printf_d.o)
    0x0800021e   0x0800021e   0x00000006   Code   RO         3396    .ARM.Collect$$_printf_percent$$0000000A  c_w.l(_printf_u.o)
    0x08000224   0x08000224   0x00000006   Code   RO         3394    .ARM.Collect$$_printf_percent$$0000000B  c_w.l(_printf_o.o)
    0x0800022a   0x0800022a   0x00000006   Code   RO         3392    .ARM.Collect$$_printf_percent$$0000000C  c_w.l(_printf_x.o)
    0x08000230   0x08000230   0x00000006   Code   RO         3401    .ARM.Collect$$_printf_percent$$0000000D  c_w.l(_printf_lli.o)
    0x08000236   0x08000236   0x00000006   Code   RO         3402    .ARM.Collect$$_printf_percent$$0000000E  c_w.l(_printf_lld.o)
    0x0800023c   0x0800023c   0x00000006   Code   RO         3403    .ARM.Collect$$_printf_percent$$0000000F  c_w.l(_printf_llu.o)
    0x08000242   0x08000242   0x00000006   Code   RO         3408    .ARM.Collect$$_printf_percent$$00000010  c_w.l(_printf_llo.o)
    0x08000248   0x08000248   0x00000006   Code   RO         3409    .ARM.Collect$$_printf_percent$$00000011  c_w.l(_printf_llx.o)
    0x0800024e   0x0800024e   0x0000000a   Code   RO         3405    .ARM.Collect$$_printf_percent$$00000012  c_w.l(_printf_l.o)
    0x08000258   0x08000258   0x00000006   Code   RO         3390    .ARM.Collect$$_printf_percent$$00000013  c_w.l(_printf_c.o)
    0x0800025e   0x0800025e   0x00000006   Code   RO         3255    .ARM.Collect$$_printf_percent$$00000014  c_w.l(_printf_s.o)
    0x08000264   0x08000264   0x00000006   Code   RO         3406    .ARM.Collect$$_printf_percent$$00000015  c_w.l(_printf_lc.o)
    0x0800026a   0x0800026a   0x00000006   Code   RO         3407    .ARM.Collect$$_printf_percent$$00000016  c_w.l(_printf_ls.o)
    0x08000270   0x08000270   0x00000004   Code   RO         3400    .ARM.Collect$$_printf_percent$$00000017  c_w.l(_printf_percent_end.o)
    0x08000274   0x08000274   0x00000002   Code   RO         3544    .ARM.Collect$$libinit$$00000000  c_w.l(libinit.o)
    0x08000276   0x08000276   0x00000000   Code   RO         3546    .ARM.Collect$$libinit$$00000002  c_w.l(libinit2.o)
    0x08000276   0x08000276   0x00000000   Code   RO         3548    .ARM.Collect$$libinit$$00000004  c_w.l(libinit2.o)
    0x08000276   0x08000276   0x00000000   Code   RO         3551    .ARM.Collect$$libinit$$0000000A  c_w.l(libinit2.o)
    0x08000276   0x08000276   0x00000000   Code   RO         3553    .ARM.Collect$$libinit$$0000000C  c_w.l(libinit2.o)
    0x08000276   0x08000276   0x00000000   Code   RO         3555    .ARM.Collect$$libinit$$0000000E  c_w.l(libinit2.o)
    0x08000276   0x08000276   0x00000006   Code   RO         3556    .ARM.Collect$$libinit$$0000000F  c_w.l(libinit2.o)
    0x0800027c   0x0800027c   0x00000000   Code   RO         3558    .ARM.Collect$$libinit$$00000011  c_w.l(libinit2.o)
    0x0800027c   0x0800027c   0x0000000c   Code   RO         3559    .ARM.Collect$$libinit$$00000012  c_w.l(libinit2.o)
    0x08000288   0x08000288   0x00000000   Code   RO         3560    .ARM.Collect$$libinit$$00000013  c_w.l(libinit2.o)
    0x08000288   0x08000288   0x00000000   Code   RO         3562    .ARM.Collect$$libinit$$00000015  c_w.l(libinit2.o)
    0x08000288   0x08000288   0x0000000a   Code   RO         3563    .ARM.Collect$$libinit$$00000016  c_w.l(libinit2.o)
    0x08000292   0x08000292   0x00000000   Code   RO         3564    .ARM.Collect$$libinit$$00000017  c_w.l(libinit2.o)
    0x08000292   0x08000292   0x00000000   Code   RO         3566    .ARM.Collect$$libinit$$00000019  c_w.l(libinit2.o)
    0x08000292   0x08000292   0x00000000   Code   RO         3568    .ARM.Collect$$libinit$$0000001B  c_w.l(libinit2.o)
    0x08000292   0x08000292   0x00000000   Code   RO         3570    .ARM.Collect$$libinit$$0000001D  c_w.l(libinit2.o)
    0x08000292   0x08000292   0x00000000   Code   RO         3572    .ARM.Collect$$libinit$$0000001F  c_w.l(libinit2.o)
    0x08000292   0x08000292   0x00000000   Code   RO         3574    .ARM.Collect$$libinit$$00000021  c_w.l(libinit2.o)
    0x08000292   0x08000292   0x00000000   Code   RO         3576    .ARM.Collect$$libinit$$00000023  c_w.l(libinit2.o)
    0x08000292   0x08000292   0x00000000   Code   RO         3578    .ARM.Collect$$libinit$$00000025  c_w.l(libinit2.o)
    0x08000292   0x08000292   0x00000000   Code   RO         3582    .ARM.Collect$$libinit$$0000002C  c_w.l(libinit2.o)
    0x08000292   0x08000292   0x00000000   Code   RO         3584    .ARM.Collect$$libinit$$0000002E  c_w.l(libinit2.o)
    0x08000292   0x08000292   0x00000000   Code   RO         3586    .ARM.Collect$$libinit$$00000030  c_w.l(libinit2.o)
    0x08000292   0x08000292   0x00000000   Code   RO         3588    .ARM.Collect$$libinit$$00000032  c_w.l(libinit2.o)
    0x08000292   0x08000292   0x00000002   Code   RO         3589    .ARM.Collect$$libinit$$00000033  c_w.l(libinit2.o)
    0x08000294   0x08000294   0x00000002   Code   RO         3626    .ARM.Collect$$libshutdown$$00000000  c_w.l(libshutdown.o)
    0x08000296   0x08000296   0x00000000   Code   RO         3637    .ARM.Collect$$libshutdown$$00000002  c_w.l(libshutdown2.o)
    0x08000296   0x08000296   0x00000000   Code   RO         3639    .ARM.Collect$$libshutdown$$00000004  c_w.l(libshutdown2.o)
    0x08000296   0x08000296   0x00000000   Code   RO         3642    .ARM.Collect$$libshutdown$$00000007  c_w.l(libshutdown2.o)
    0x08000296   0x08000296   0x00000000   Code   RO         3645    .ARM.Collect$$libshutdown$$0000000A  c_w.l(libshutdown2.o)
    0x08000296   0x08000296   0x00000000   Code   RO         3647    .ARM.Collect$$libshutdown$$0000000C  c_w.l(libshutdown2.o)
    0x08000296   0x08000296   0x00000000   Code   RO         3650    .ARM.Collect$$libshutdown$$0000000F  c_w.l(libshutdown2.o)
    0x08000296   0x08000296   0x00000002   Code   RO         3651    .ARM.Collect$$libshutdown$$00000010  c_w.l(libshutdown2.o)
    0x08000298   0x08000298   0x00000000   Code   RO         3339    .ARM.Collect$$rtentry$$00000000  c_w.l(__rtentry.o)
    0x08000298   0x08000298   0x00000000   Code   RO         3457    .ARM.Collect$$rtentry$$00000002  c_w.l(__rtentry2.o)
    0x08000298   0x08000298   0x00000006   Code   RO         3469    .ARM.Collect$$rtentry$$00000004  c_w.l(__rtentry4.o)
    0x0800029e   0x0800029e   0x00000000   Code   RO         3459    .ARM.Collect$$rtentry$$00000009  c_w.l(__rtentry2.o)
    0x0800029e   0x0800029e   0x00000004   Code   RO         3460    .ARM.Collect$$rtentry$$0000000A  c_w.l(__rtentry2.o)
    0x080002a2   0x080002a2   0x00000000   Code   RO         3462    .ARM.Collect$$rtentry$$0000000C  c_w.l(__rtentry2.o)
    0x080002a2   0x080002a2   0x00000008   Code   RO         3463    .ARM.Collect$$rtentry$$0000000D  c_w.l(__rtentry2.o)
    0x080002aa   0x080002aa   0x00000002   Code   RO         3592    .ARM.Collect$$rtexit$$00000000  c_w.l(rtexit.o)
    0x080002ac   0x080002ac   0x00000000   Code   RO         3604    .ARM.Collect$$rtexit$$00000002  c_w.l(rtexit2.o)
    0x080002ac   0x080002ac   0x00000004   Code   RO         3605    .ARM.Collect$$rtexit$$00000003  c_w.l(rtexit2.o)
    0x080002b0   0x080002b0   0x00000006   Code   RO         3606    .ARM.Collect$$rtexit$$00000004  c_w.l(rtexit2.o)
    0x080002b6   0x080002b6   0x00000002   PAD
    0x080002b8   0x080002b8   0x00000040   Code   RO         1407  * .text               startup_stm32f10x_hd.o
    0x080002f8   0x080002f8   0x00000024   Code   RO         3223    .text               c_w.l(vsprintf.o)
    0x0800031c   0x0800031c   0x0000002c   Code   RO         3225    .text               c_w.l(__2sprintf.o)
    0x08000348   0x08000348   0x00000052   Code   RO         3231    .text               c_w.l(_printf_str.o)
    0x0800039a   0x0800039a   0x00000002   PAD
    0x0800039c   0x0800039c   0x00000078   Code   RO         3233    .text               c_w.l(_printf_dec.o)
    0x08000414   0x08000414   0x00000188   Code   RO         3252    .text               c_w.l(__printf_flags_ss_wp.o)
    0x0800059c   0x0800059c   0x00000024   Code   RO         3259    .text               c_w.l(strstr.o)
    0x080005c0   0x080005c0   0x0000003e   Code   RO         3261    .text               c_w.l(strlen.o)
    0x080005fe   0x080005fe   0x00000018   Code   RO         3263    .text               c_w.l(strcat.o)
    0x08000616   0x08000616   0x0000008a   Code   RO         3265    .text               c_w.l(rt_memcpy_v6.o)
    0x080006a0   0x080006a0   0x00000064   Code   RO         3267    .text               c_w.l(rt_memcpy_w.o)
    0x08000704   0x08000704   0x00000044   Code   RO         3271    .text               c_w.l(rt_memclr.o)
    0x08000748   0x08000748   0x0000004e   Code   RO         3273    .text               c_w.l(rt_memclr_w.o)
    0x08000796   0x08000796   0x00000006   Code   RO         3275    .text               c_w.l(heapauxi.o)
    0x0800079c   0x0800079c   0x00000016   Code   RO         3340    .text               c_w.l(_rserrno.o)
    0x080007b2   0x080007b2   0x0000004e   Code   RO         3342    .text               c_w.l(_printf_pad.o)
    0x08000800   0x08000800   0x00000024   Code   RO         3344    .text               c_w.l(_printf_truncate.o)
    0x08000824   0x08000824   0x000000b2   Code   RO         3346    .text               c_w.l(_printf_intcommon.o)
    0x080008d6   0x080008d6   0x00000028   Code   RO         3348    .text               c_w.l(_printf_charcount.o)
    0x080008fe   0x080008fe   0x0000041e   Code   RO         3350    .text               c_w.l(_printf_fp_dec.o)
    0x08000d1c   0x08000d1c   0x00000030   Code   RO         3352    .text               c_w.l(_printf_char_common.o)
    0x08000d4c   0x08000d4c   0x0000000a   Code   RO         3354    .text               c_w.l(_sputc.o)
    0x08000d56   0x08000d56   0x0000002c   Code   RO         3356    .text               c_w.l(_printf_char.o)
    0x08000d82   0x08000d82   0x00000002   PAD
    0x08000d84   0x08000d84   0x000000bc   Code   RO         3358    .text               c_w.l(_printf_wctomb.o)
    0x08000e40   0x08000e40   0x0000007c   Code   RO         3361    .text               c_w.l(_printf_longlong_dec.o)
    0x08000ebc   0x08000ebc   0x00000070   Code   RO         3367    .text               c_w.l(_printf_oct_int_ll.o)
    0x08000f2c   0x08000f2c   0x00000094   Code   RO         3387    .text               c_w.l(_printf_hex_int_ll_ptr.o)
    0x08000fc0   0x08000fc0   0x00000008   Code   RO         3474    .text               c_w.l(rt_locale_intlibspace.o)
    0x08000fc8   0x08000fc8   0x00000008   Code   RO         3479    .text               c_w.l(rt_errno_addr_intlibspace.o)
    0x08000fd0   0x08000fd0   0x0000008a   Code   RO         3481    .text               c_w.l(lludiv10.o)
    0x0800105a   0x0800105a   0x00000002   PAD
    0x0800105c   0x0800105c   0x000002fc   Code   RO         3483    .text               c_w.l(_printf_fp_hex.o)
    0x08001358   0x08001358   0x00000080   Code   RO         3486    .text               c_w.l(_printf_fp_infnan.o)
    0x080013d8   0x080013d8   0x0000002c   Code   RO         3490    .text               c_w.l(_printf_wchar.o)
    0x08001404   0x08001404   0x000000e4   Code   RO         3492    .text               c_w.l(bigflt0.o)
    0x080014e8   0x080014e8   0x00000040   Code   RO         3517    .text               c_w.l(_wcrtomb.o)
    0x08001528   0x08001528   0x00000008   Code   RO         3528    .text               c_w.l(libspace.o)
    0x08001530   0x08001530   0x0000004a   Code   RO         3531    .text               c_w.l(sys_stackheap_outer.o)
    0x0800157a   0x0800157a   0x00000002   PAD
    0x0800157c   0x0800157c   0x00000010   Code   RO         3533    .text               c_w.l(rt_ctype_table.o)
    0x0800158c   0x0800158c   0x00000012   Code   RO         3535    .text               c_w.l(exit.o)
    0x0800159e   0x0800159e   0x00000002   PAD
    0x080015a0   0x080015a0   0x00000080   Code   RO         3537    .text               c_w.l(strcmpv7m.o)
    0x08001620   0x08001620   0x0000000c   Code   RO         3616    .text               c_w.l(sys_exit.o)
    0x0800162c   0x0800162c   0x00000002   Code   RO         3627    .text               c_w.l(use_no_semi.o)
    0x0800162e   0x0800162e   0x00000000   Code   RO         3629    .text               c_w.l(indicate_semi.o)
    0x0800162e   0x0800162e   0x0000003e   Code   RO         3495    CL$$btod_d2e        c_w.l(btod.o)
    0x0800166c   0x0800166c   0x00000046   Code   RO         3497    CL$$btod_d2e_denorm_low  c_w.l(btod.o)
    0x080016b2   0x080016b2   0x00000060   Code   RO         3496    CL$$btod_d2e_norm_op1  c_w.l(btod.o)
    0x08001712   0x08001712   0x00000338   Code   RO         3505    CL$$btod_div_common  c_w.l(btod.o)
    0x08001a4a   0x08001a4a   0x000000dc   Code   RO         3502    CL$$btod_e2e        c_w.l(btod.o)
    0x08001b26   0x08001b26   0x0000002a   Code   RO         3499    CL$$btod_ediv       c_w.l(btod.o)
    0x08001b50   0x08001b50   0x0000002a   Code   RO         3498    CL$$btod_emul       c_w.l(btod.o)
    0x08001b7a   0x08001b7a   0x00000244   Code   RO         3504    CL$$btod_mult_common  c_w.l(btod.o)
    0x08001dbe   0x08001dbe   0x00000002   PAD
    0x08001dc0   0x08001dc0   0x000000bc   Code   RO          947    i.ADC1_Config       mq2.o
    0x08001e7c   0x08001e7c   0x00000016   Code   RO         2549    i.ADC_Cmd           stm32f10x_adc.o
    0x08001e92   0x08001e92   0x00000016   Code   RO         2550    i.ADC_DMACmd        stm32f10x_adc.o
    0x08001ea8   0x08001ea8   0x00000014   Code   RO         2557    i.ADC_GetCalibrationStatus  stm32f10x_adc.o
    0x08001ebc   0x08001ebc   0x00000014   Code   RO         2563    i.ADC_GetResetCalibrationStatus  stm32f10x_adc.o
    0x08001ed0   0x08001ed0   0x00000050   Code   RO         2567    i.ADC_Init          stm32f10x_adc.o
    0x08001f20   0x08001f20   0x000000b8   Code   RO         2571    i.ADC_RegularChannelConfig  stm32f10x_adc.o
    0x08001fd8   0x08001fd8   0x0000000a   Code   RO         2572    i.ADC_ResetCalibration  stm32f10x_adc.o
    0x08001fe2   0x08001fe2   0x00000016   Code   RO         2574    i.ADC_SoftwareStartConvCmd  stm32f10x_adc.o
    0x08001ff8   0x08001ff8   0x0000000a   Code   RO         2576    i.ADC_StartCalibration  stm32f10x_adc.o
    0x08002002   0x08002002   0x00000002   PAD
    0x08002004   0x08002004   0x000001d4   Code   RO          560    i.AliIoT_Parameter_Init  mqtt.o
    0x080021d8   0x080021d8   0x00000002   Code   RO          350    i.BusFault_Handler  stm32f10x_it.o
    0x080021da   0x080021da   0x00000002   PAD
    0x080021dc   0x080021dc   0x0000006c   Code   RO          561    i.CMDBuf_Deal       mqtt.o
    0x08002248   0x08002248   0x0000001a   Code   RO         1094    i.ClearBitMask      rc522.o
    0x08002262   0x08002262   0x00000002   PAD
    0x08002264   0x08002264   0x00000058   Code   RO          704    i.DHT11_Check       dht11.o
    0x080022bc   0x080022bc   0x00000030   Code   RO          705    i.DHT11_Init        dht11.o
    0x080022ec   0x080022ec   0x00000058   Code   RO          706    i.DHT11_Read_Bit    dht11.o
    0x08002344   0x08002344   0x0000001e   Code   RO          707    i.DHT11_Read_Byte   dht11.o
    0x08002362   0x08002362   0x0000005a   Code   RO          708    i.DHT11_Read_Data   dht11.o
    0x080023bc   0x080023bc   0x00000030   Code   RO          709    i.DHT11_Rst         dht11.o
    0x080023ec   0x080023ec   0x0000002c   Code   RO          351    i.DMA1_Channel7_IRQHandler  stm32f10x_it.o
    0x08002418   0x08002418   0x0000001c   Code   RO         2808    i.DMA_ClearITPendingBit  stm32f10x_dma.o
    0x08002434   0x08002434   0x00000018   Code   RO         2809    i.DMA_Cmd           stm32f10x_dma.o
    0x0800244c   0x0800244c   0x00000060   Code   RO          948    i.DMA_Config        mq2.o
    0x080024ac   0x080024ac   0x00000008   Code   RO         2811    i.DMA_GetCurrDataCounter  stm32f10x_dma.o
    0x080024b4   0x080024b4   0x0000002c   Code   RO         2813    i.DMA_GetITStatus   stm32f10x_dma.o
    0x080024e0   0x080024e0   0x00000012   Code   RO         2814    i.DMA_ITConfig      stm32f10x_dma.o
    0x080024f2   0x080024f2   0x0000003c   Code   RO         2815    i.DMA_Init          stm32f10x_dma.o
    0x0800252e   0x0800252e   0x00000002   PAD
    0x08002530   0x08002530   0x000000c8   Code   RO          787    i.Data_State        dateup.o
    0x080025f8   0x080025f8   0x00000002   Code   RO          352    i.DebugMon_Handler  stm32f10x_it.o
    0x080025fa   0x080025fa   0x00000116   Code   RO         2381    i.GPIO_Init         stm32f10x_gpio.o
    0x08002710   0x08002710   0x00000012   Code   RO         2385    i.GPIO_ReadInputDataBit  stm32f10x_gpio.o
    0x08002722   0x08002722   0x00000004   Code   RO         2388    i.GPIO_ResetBits    stm32f10x_gpio.o
    0x08002726   0x08002726   0x00000002   PAD
    0x08002728   0x08002728   0x00000018   Code   RO          710    i.GPIO_SETIN        dht11.o
    0x08002740   0x08002740   0x00000018   Code   RO          711    i.GPIO_SETOUT       dht11.o
    0x08002758   0x08002758   0x00000004   Code   RO         2389    i.GPIO_SetBits      stm32f10x_gpio.o
    0x0800275c   0x0800275c   0x0000000a   Code   RO         2392    i.GPIO_WriteBit     stm32f10x_gpio.o
    0x08002766   0x08002766   0x00000002   Code   RO          353    i.HardFault_Handler  stm32f10x_it.o
    0x08002768   0x08002768   0x0000003c   Code   RO          808    i.KEY_Init          key4_4.o
    0x080027a4   0x080027a4   0x000000a4   Code   RO          809    i.KEY_Scan          key4_4.o
    0x08002848   0x08002848   0x0000004c   Code   RO          863    i.LED_Init          led.o
    0x08002894   0x08002894   0x00000054   Code   RO         1096    i.M500PcdConfigISOType  rc522.o
    0x080028e8   0x080028e8   0x00000084   Code   RO          949    i.MQ2_GetPPM        mq2.o
    0x0800296c   0x0800296c   0x00000040   Code   RO          950    i.MQ2_GetVol        mq2.o
    0x080029ac   0x080029ac   0x0000000c   Code   RO          951    i.MQ2_Init          mq2.o
    0x080029b8   0x080029b8   0x00000044   Code   RO          952    i.MQ2_PPM_Calibration  mq2.o
    0x080029fc   0x080029fc   0x000000d8   Code   RO          562    i.MQTT_Buff_Init    mqtt.o
    0x08002ad4   0x08002ad4   0x00000218   Code   RO          563    i.MQTT_ConectPack   mqtt.o
    0x08002cec   0x08002cec   0x00000108   Code   RO          564    i.MQTT_DealPushdata_Qs0  mqtt.o
    0x08002df4   0x08002df4   0x0000001c   Code   RO          565    i.MQTT_PingREQ      mqtt.o
    0x08002e10   0x08002e10   0x000000ec   Code   RO          566    i.MQTT_PublishQs0   mqtt.o
    0x08002efc   0x08002efc   0x00000098   Code   RO          567    i.MQTT_Subscribe    mqtt.o
    0x08002f94   0x08002f94   0x00000002   Code   RO          354    i.MemManage_Handler  stm32f10x_it.o
    0x08002f96   0x08002f96   0x00000002   Code   RO          355    i.NMI_Handler       stm32f10x_it.o
    0x08002f98   0x08002f98   0x00000070   Code   RO         1411    i.NVIC_Init         misc.o
    0x08003008   0x08003008   0x00000014   Code   RO         1412    i.NVIC_PriorityGroupConfig  misc.o
    0x0800301c   0x0800301c   0x00000040   Code   RO          999    i.OLED_Clear        oled.o
    0x0800305c   0x0800305c   0x00000154   Code   RO         1003    i.OLED_Init         oled.o
    0x080031b0   0x080031b0   0x0000002e   Code   RO         1004    i.OLED_Set_Pos      oled.o
    0x080031de   0x080031de   0x00000002   PAD
    0x080031e0   0x080031e0   0x00000070   Code   RO         1006    i.OLED_ShowChar     oled.o
    0x08003250   0x08003250   0x00000036   Code   RO         1008    i.OLED_ShowString   oled.o
    0x08003286   0x08003286   0x00000002   PAD
    0x08003288   0x08003288   0x00000088   Code   RO         1009    i.OLED_WR_Byte      oled.o
    0x08003310   0x08003310   0x000000ba   Code   RO          875    i.PEC_Calculation   mlx90614.o
    0x080033ca   0x080033ca   0x0000001a   Code   RO         1098    i.PcdAntennaOn      rc522.o
    0x080033e4   0x080033e4   0x00000070   Code   RO         1099    i.PcdAnticoll       rc522.o
    0x08003454   0x08003454   0x00000132   Code   RO         1101    i.PcdComMF522       rc522.o
    0x08003586   0x08003586   0x00000054   Code   RO         1104    i.PcdRequest        rc522.o
    0x080035da   0x080035da   0x00000002   PAD
    0x080035dc   0x080035dc   0x00000080   Code   RO         1105    i.PcdReset          rc522.o
    0x0800365c   0x0800365c   0x00000002   Code   RO          356    i.PendSV_Handler    stm32f10x_it.o
    0x0800365e   0x0800365e   0x00000002   PAD
    0x08003660   0x08003660   0x0000002c   Code   RO         1108    i.RC522_Init        rc522.o
    0x0800368c   0x0800368c   0x00000018   Code   RO         1447    i.RCC_ADCCLKConfig  stm32f10x_rcc.o
    0x080036a4   0x080036a4   0x00000020   Code   RO         1448    i.RCC_AHBPeriphClockCmd  stm32f10x_rcc.o
    0x080036c4   0x080036c4   0x00000020   Code   RO         1449    i.RCC_APB1PeriphClockCmd  stm32f10x_rcc.o
    0x080036e4   0x080036e4   0x00000020   Code   RO         1450    i.RCC_APB1PeriphResetCmd  stm32f10x_rcc.o
    0x08003704   0x08003704   0x00000020   Code   RO         1451    i.RCC_APB2PeriphClockCmd  stm32f10x_rcc.o
    0x08003724   0x08003724   0x00000020   Code   RO         1452    i.RCC_APB2PeriphResetCmd  stm32f10x_rcc.o
    0x08003744   0x08003744   0x000000d4   Code   RO         1459    i.RCC_GetClocksFreq  stm32f10x_rcc.o
    0x08003818   0x08003818   0x00000034   Code   RO         1109    i.ReadRawRC         rc522.o
    0x0800384c   0x0800384c   0x0000001a   Code   RO          876    i.SMBus_Delay       mlx90614.o
    0x08003866   0x08003866   0x00000002   PAD
    0x08003868   0x08003868   0x0000003c   Code   RO          877    i.SMBus_Init        mlx90614.o
    0x080038a4   0x080038a4   0x000000a6   Code   RO          878    i.SMBus_ReadMemory  mlx90614.o
    0x0800394a   0x0800394a   0x00000002   PAD
    0x0800394c   0x0800394c   0x00000054   Code   RO          879    i.SMBus_ReadTemp    mlx90614.o
    0x080039a0   0x080039a0   0x00000048   Code   RO          880    i.SMBus_ReceiveBit  mlx90614.o
    0x080039e8   0x080039e8   0x00000032   Code   RO          881    i.SMBus_ReceiveByte  mlx90614.o
    0x08003a1a   0x08003a1a   0x00000002   PAD
    0x08003a1c   0x08003a1c   0x00000044   Code   RO          882    i.SMBus_SendBit     mlx90614.o
    0x08003a60   0x08003a60   0x00000030   Code   RO          883    i.SMBus_SendByte    mlx90614.o
    0x08003a90   0x08003a90   0x00000044   Code   RO          884    i.SMBus_StartBit    mlx90614.o
    0x08003ad4   0x08003ad4   0x00000040   Code   RO          885    i.SMBus_StopBit     mlx90614.o
    0x08003b14   0x08003b14   0x000000ec   Code   RO         1110    i.SPI1_Init         rc522.o
    0x08003c00   0x08003c00   0x00000018   Code   RO         2884    i.SPI_Cmd           stm32f10x_spi.o
    0x08003c18   0x08003c18   0x0000003c   Code   RO         2897    i.SPI_Init          stm32f10x_spi.o
    0x08003c54   0x08003c54   0x0000004c   Code   RO         1111    i.SPI_RC522_ReadByte  rc522.o
    0x08003ca0   0x08003ca0   0x00000054   Code   RO         1112    i.SPI_RC522_SendByte  rc522.o
    0x08003cf4   0x08003cf4   0x00000002   Code   RO          357    i.SVC_Handler       stm32f10x_it.o
    0x08003cf6   0x08003cf6   0x0000007a   Code   RO         1302    i.SYN_FrameInfo     syn6288.o
    0x08003d70   0x08003d70   0x0000001a   Code   RO         1113    i.SetBitMask        rc522.o
    0x08003d8a   0x08003d8a   0x00000008   Code   RO         1370    i.SetSysClock       system_stm32f10x.o
    0x08003d92   0x08003d92   0x00000002   PAD
    0x08003d94   0x08003d94   0x000000e0   Code   RO         1371    i.SetSysClockTo72   system_stm32f10x.o
    0x08003e74   0x08003e74   0x000000a2   Code   RO         1114    i.ShowID            rc522.o
    0x08003f16   0x08003f16   0x00000028   Code   RO         1415    i.SysTick_CLKSourceConfig  misc.o
    0x08003f3e   0x08003f3e   0x00000002   PAD
    0x08003f40   0x08003f40   0x00000010   Code   RO         3185    i.SysTick_Handler   delay.o
    0x08003f50   0x08003f50   0x00000060   Code   RO         1373    i.SystemInit        system_stm32f10x.o
    0x08003fb0   0x08003fb0   0x00000076   Code   RO          674    i.TIM2_ENABLE_1S    timer2.o
    0x08004026   0x08004026   0x00000002   PAD
    0x08004028   0x08004028   0x00000024   Code   RO          358    i.TIM2_IRQHandler   stm32f10x_it.o
    0x0800404c   0x0800404c   0x00000078   Code   RO          656    i.TIM3_ENABLE_2S    timer3.o
    0x080040c4   0x080040c4   0x00000078   Code   RO          657    i.TIM3_ENABLE_30S   timer3.o
    0x0800413c   0x0800413c   0x0000006c   Code   RO          359    i.TIM3_IRQHandler   stm32f10x_it.o
    0x080041a8   0x080041a8   0x00000006   Code   RO         1658    i.TIM_ClearITPendingBit  stm32f10x_tim.o
    0x080041ae   0x080041ae   0x00000018   Code   RO         1663    i.TIM_Cmd           stm32f10x_tim.o
    0x080041c6   0x080041c6   0x00000002   PAD
    0x080041c8   0x080041c8   0x000001e8   Code   RO         1668    i.TIM_DeInit        stm32f10x_tim.o
    0x080043b0   0x080043b0   0x00000022   Code   RO         1684    i.TIM_GetITStatus   stm32f10x_tim.o
    0x080043d2   0x080043d2   0x00000012   Code   RO         1688    i.TIM_ITConfig      stm32f10x_tim.o
    0x080043e4   0x080043e4   0x000000a4   Code   RO         1734    i.TIM_TimeBaseInit  stm32f10x_tim.o
    0x08004488   0x08004488   0x00000064   Code   RO          568    i.TxDataBuf_Deal    mqtt.o
    0x080044ec   0x080044ec   0x00000030   Code   RO         1326    i.UART3_SendString  usart.o
    0x0800451c   0x0800451c   0x00000090   Code   RO            1    i.UART4_IRQHandler  main.o
    0x080045ac   0x080045ac   0x00000030   Code   RO         1327    i.UART4_SendString  usart.o
    0x080045dc   0x080045dc   0x000000f0   Code   RO          360    i.USART2_IRQHandler  stm32f10x_it.o
    0x080046cc   0x080046cc   0x000002ac   Code   RO            2    i.USART3_IRQHandler  main.o
    0x08004978   0x08004978   0x000000b8   Code   RO         1328    i.USART3_Init       usart.o
    0x08004a30   0x08004a30   0x000000b8   Code   RO         1329    i.USART4_Init       usart.o
    0x08004ae8   0x08004ae8   0x00000012   Code   RO         2195    i.USART_ClearFlag   stm32f10x_usart.o
    0x08004afa   0x08004afa   0x00000018   Code   RO         2199    i.USART_Cmd         stm32f10x_usart.o
    0x08004b12   0x08004b12   0x00000012   Code   RO         2200    i.USART_DMACmd      stm32f10x_usart.o
    0x08004b24   0x08004b24   0x0000009c   Code   RO         2201    i.USART_DeInit      stm32f10x_usart.o
    0x08004bc0   0x08004bc0   0x0000001a   Code   RO         2202    i.USART_GetFlagStatus  stm32f10x_usart.o
    0x08004bda   0x08004bda   0x00000054   Code   RO         2203    i.USART_GetITStatus  stm32f10x_usart.o
    0x08004c2e   0x08004c2e   0x0000004a   Code   RO         2205    i.USART_ITConfig    stm32f10x_usart.o
    0x08004c78   0x08004c78   0x000000d8   Code   RO         2206    i.USART_Init        stm32f10x_usart.o
    0x08004d50   0x08004d50   0x0000000a   Code   RO         2213    i.USART_ReceiveData  stm32f10x_usart.o
    0x08004d5a   0x08004d5a   0x00000008   Code   RO         2216    i.USART_SendData    stm32f10x_usart.o
    0x08004d62   0x08004d62   0x00000002   Code   RO          361    i.UsageFault_Handler  stm32f10x_it.o
    0x08004d64   0x08004d64   0x00000080   Code   RO          236    i.Usart1_Init       usart1.o
    0x08004de4   0x08004de4   0x000000d0   Code   RO          460    i.Usart2DMA_init    usart2.o
    0x08004eb4   0x08004eb4   0x000000d0   Code   RO          461    i.Usart2_IDELInit   usart2.o
    0x08004f84   0x08004f84   0x000000c0   Code   RO          462    i.Usart2_Init       usart2.o
    0x08005044   0x08005044   0x000002f0   Code   RO          503    i.WiFi_Connect_IoTServer  wifi.o
    0x08005334   0x08005334   0x00000154   Code   RO          504    i.WiFi_Connect_Server  wifi.o
    0x08005488   0x08005488   0x000000a8   Code   RO          505    i.WiFi_JoinAP       wifi.o
    0x08005530   0x08005530   0x00000070   Code   RO          506    i.WiFi_Reset        wifi.o
    0x080055a0   0x080055a0   0x00000034   Code   RO          507    i.WiFi_ResetIO_Init  wifi.o
    0x080055d4   0x080055d4   0x00000074   Code   RO          508    i.WiFi_SendCmd      wifi.o
    0x08005648   0x08005648   0x00000030   Code   RO         1116    i.WriteRawRC        rc522.o
    0x08005678   0x08005678   0x00000028   Code   RO         3443    i.__ARM_fpclassify  m_ws.l(fpclassify.o)
    0x080056a0   0x080056a0   0x000000aa   Code   RO         3445    i.__kernel_poly     m_ws.l(poly.o)
    0x0800574a   0x0800574a   0x00000002   PAD
    0x0800574c   0x0800574c   0x00000010   Code   RO         3429    i.__mathlib_dbl_divzero  m_ws.l(dunder.o)
    0x0800575c   0x0800575c   0x00000004   Code   RO         3431    i.__mathlib_dbl_infnan2  m_ws.l(dunder.o)
    0x08005760   0x08005760   0x0000000c   Code   RO         3432    i.__mathlib_dbl_invalid  m_ws.l(dunder.o)
    0x0800576c   0x0800576c   0x0000000e   Code   RO         3433    i.__mathlib_dbl_overflow  m_ws.l(dunder.o)
    0x0800577a   0x0800577a   0x00000002   PAD
    0x0800577c   0x0800577c   0x00000010   Code   RO         3435    i.__mathlib_dbl_underflow  m_ws.l(dunder.o)
    0x0800578c   0x0800578c   0x0000000e   Code   RO         3245    i._is_digit         c_w.l(__printf_wp.o)
    0x0800579a   0x0800579a   0x00000012   Code   RO            3    i.ac_strlen         main.o
    0x080057ac   0x080057ac   0x000000d0   Code   RO            4    i.alarm             main.o
    0x0800587c   0x0800587c   0x00000024   Code   RO            5    i.aliyun            main.o
    0x080058a0   0x080058a0   0x0000024c   Code   RO         1117    i.card_infor_entry  rc522.o
    0x08005aec   0x08005aec   0x000000b8   Code   RO         1118    i.card_unlock       rc522.o
    0x08005ba4   0x08005ba4   0x000000b8   Code   RO          569    i.connet_first      mqtt.o
    0x08005c5c   0x08005c5c   0x0000038c   Code   RO          570    i.connet_on         mqtt.o
    0x08005fe8   0x08005fe8   0x000001ac   Code   RO            6    i.data_send         main.o
    0x08006194   0x08006194   0x00000064   Code   RO         3186    i.delay_init        delay.o
    0x080061f8   0x080061f8   0x00000040   Code   RO         3187    i.delay_ms          delay.o
    0x08006238   0x08006238   0x00000040   Code   RO         3188    i.delay_us          delay.o
    0x08006278   0x08006278   0x00000014   Code   RO            7    i.face              main.o
    0x0800628c   0x0800628c   0x0000088c   Code   RO            8    i.main              main.o
    0x08006b18   0x08006b18   0x00000016   Code   RO         1120    i.my_strlen         rc522.o
    0x08006b2e   0x08006b2e   0x00000002   PAD
    0x08006b30   0x08006b30   0x000000d4   Code   RO            9    i.new_card          main.o
    0x08006c04   0x08006c04   0x000009d8   Code   RO         3330    i.pow               m_ws.l(pow.o)
    0x080075dc   0x080075dc   0x0000004c   Code   RO         3449    i.sqrt              m_ws.l(sqrt.o)
    0x08007628   0x08007628   0x0000005c   Code   RO          237    i.u1_printf         usart1.o
    0x08007684   0x08007684   0x00000034   Code   RO          463    i.u2_TxData         usart2.o
    0x080076b8   0x080076b8   0x0000005c   Code   RO          464    i.u2_printf         usart2.o
    0x08007714   0x08007714   0x00000018   Code   RO         3058    i.utils_hb2hex      utils_md5.o
    0x0800772c   0x0800772c   0x000000e8   Code   RO         3025    i.utils_hmac_sha1   utils_hmac.o
    0x08007814   0x08007814   0x000000e8   Code   RO         3126    i.utils_sha1_finish  utils_sha1.o
    0x080078fc   0x080078fc   0x0000000e   Code   RO         3128    i.utils_sha1_init   utils_sha1.o
    0x0800790a   0x0800790a   0x00000002   PAD
    0x0800790c   0x0800790c   0x0000191c   Code   RO         3129    i.utils_sha1_process  utils_sha1.o
    0x08009228   0x08009228   0x0000002c   Code   RO         3130    i.utils_sha1_starts  utils_sha1.o
    0x08009254   0x08009254   0x0000007c   Code   RO         3131    i.utils_sha1_update  utils_sha1.o
    0x080092d0   0x080092d0   0x0000002c   Code   RO         3520    locale$$code        c_w.l(lc_numeric_c.o)
    0x080092fc   0x080092fc   0x0000002c   Code   RO         3595    locale$$code        c_w.l(lc_ctype_c.o)
    0x08009328   0x08009328   0x00000062   Code   RO         3279    x$fpl$d2f           fz_ws.l(d2f.o)
    0x0800938a   0x0800938a   0x00000002   PAD
    0x0800938c   0x0800938c   0x00000150   Code   RO         3281    x$fpl$dadd          fz_ws.l(daddsub_clz.o)
    0x080094dc   0x080094dc   0x00000010   Code   RO         3522    x$fpl$dcheck1       fz_ws.l(dcheck1.o)
    0x080094ec   0x080094ec   0x00000018   Code   RO         3410    x$fpl$dcmpinf       fz_ws.l(dcmpi.o)
    0x08009504   0x08009504   0x000002b0   Code   RO         3288    x$fpl$ddiv          fz_ws.l(ddiv.o)
    0x080097b4   0x080097b4   0x0000002e   Code   RO         3292    x$fpl$dflt          fz_ws.l(dflt_clz.o)
    0x080097e2   0x080097e2   0x00000026   Code   RO         3291    x$fpl$dfltu         fz_ws.l(dflt_clz.o)
    0x08009808   0x08009808   0x00000078   Code   RO         3297    x$fpl$dleqf         fz_ws.l(dleqf.o)
    0x08009880   0x08009880   0x00000154   Code   RO         3299    x$fpl$dmul          fz_ws.l(dmul.o)
    0x080099d4   0x080099d4   0x0000009c   Code   RO         3412    x$fpl$dnaninf       fz_ws.l(dnaninf.o)
    0x08009a70   0x08009a70   0x0000000c   Code   RO         3414    x$fpl$dretinf       fz_ws.l(dretinf.o)
    0x08009a7c   0x08009a7c   0x0000006c   Code   RO         3301    x$fpl$drleqf        fz_ws.l(drleqf.o)
    0x08009ae8   0x08009ae8   0x00000016   Code   RO         3282    x$fpl$drsb          fz_ws.l(daddsub_clz.o)
    0x08009afe   0x08009afe   0x00000002   PAD
    0x08009b00   0x08009b00   0x000001cc   Code   RO         3524    x$fpl$dsqrt         fz_ws.l(dsqrt_noumaal.o)
    0x08009ccc   0x08009ccc   0x000001d4   Code   RO         3283    x$fpl$dsub          fz_ws.l(daddsub_clz.o)
    0x08009ea0   0x08009ea0   0x00000056   Code   RO         3303    x$fpl$f2d           fz_ws.l(f2d.o)
    0x08009ef6   0x08009ef6   0x00000002   PAD
    0x08009ef8   0x08009ef8   0x000000c4   Code   RO         3305    x$fpl$fadd          fz_ws.l(faddsub_clz.o)
    0x08009fbc   0x08009fbc   0x00000184   Code   RO         3312    x$fpl$fdiv          fz_ws.l(fdiv.o)
    0x0800a140   0x0800a140   0x0000003e   Code   RO         3315    x$fpl$ffixu         fz_ws.l(ffixu.o)
    0x0800a17e   0x0800a17e   0x00000002   PAD
    0x0800a180   0x0800a180   0x00000026   Code   RO         3319    x$fpl$ffltu         fz_ws.l(fflt_clz.o)
    0x0800a1a6   0x0800a1a6   0x00000002   PAD
    0x0800a1a8   0x0800a1a8   0x00000102   Code   RO         3325    x$fpl$fmul          fz_ws.l(fmul.o)
    0x0800a2aa   0x0800a2aa   0x0000008c   Code   RO         3416    x$fpl$fnaninf       fz_ws.l(fnaninf.o)
    0x0800a336   0x0800a336   0x0000000a   Code   RO         3418    x$fpl$fretinf       fz_ws.l(fretinf.o)
    0x0800a340   0x0800a340   0x000000ea   Code   RO         3307    x$fpl$fsub          fz_ws.l(faddsub_clz.o)
    0x0800a42a   0x0800a42a   0x00000004   Code   RO         3327    x$fpl$printf1       fz_ws.l(printf1.o)
    0x0800a42e   0x0800a42e   0x00000004   Code   RO         3420    x$fpl$printf2       fz_ws.l(printf2.o)
    0x0800a432   0x0800a432   0x00000064   Code   RO         3590    x$fpl$retnan        fz_ws.l(retnan.o)
    0x0800a496   0x0800a496   0x0000005c   Code   RO         3426    x$fpl$scalbn        fz_ws.l(scalbn.o)
    0x0800a4f2   0x0800a4f2   0x00000030   Code   RO         3601    x$fpl$trapveneer    fz_ws.l(trapv.o)
    0x0800a522   0x0800a522   0x00000000   Code   RO         3428    x$fpl$usenofp       fz_ws.l(usenofp.o)
    0x0800a522   0x0800a522   0x00000818   Data   RO         1011    .constdata          oled.o
    0x0800ad3a   0x0800ad3a   0x00000040   Data   RO         3133    .constdata          utils_sha1.o
    0x0800ad7a   0x0800ad7a   0x00000011   Data   RO         3253    .constdata          c_w.l(__printf_flags_ss_wp.o)
    0x0800ad8b   0x0800ad8b   0x00000005   PAD
    0x0800ad90   0x0800ad90   0x00000088   Data   RO         3331    .constdata          m_ws.l(pow.o)
    0x0800ae18   0x0800ae18   0x00000008   Data   RO         3359    .constdata          c_w.l(_printf_wctomb.o)
    0x0800ae20   0x0800ae20   0x00000028   Data   RO         3388    .constdata          c_w.l(_printf_hex_int_ll_ptr.o)
    0x0800ae48   0x0800ae48   0x00000008   Data   RO         3447    .constdata          m_ws.l(qnan.o)
    0x0800ae50   0x0800ae50   0x00000026   Data   RO         3484    .constdata          c_w.l(_printf_fp_hex.o)
    0x0800ae76   0x0800ae76   0x00000002   PAD
    0x0800ae78   0x0800ae78   0x00000094   Data   RO         3493    .constdata          c_w.l(bigflt0.o)
    0x0800af0c   0x0800af0c   0x00000072   Data   RO          788    .conststring        dateup.o
    0x0800af7e   0x0800af7e   0x00000002   PAD
    0x0800af80   0x0800af80   0x00000020   Data   RO         3676    Region$$Table       anon$$obj.o
    0x0800afa0   0x0800afa0   0x0000001c   Data   RO         3519    locale$$data        c_w.l(lc_numeric_c.o)
    0x0800afbc   0x0800afbc   0x00000110   Data   RO         3594    locale$$data        c_w.l(lc_ctype_c.o)


    Execution Region ER_RW (Exec base: 0x20000000, Load base: 0x0800b0cc, Size: 0x00000208, Max: 0xffffffff, ABSOLUTE, COMPRESSED[0x00000088])

    Exec Addr    Load Addr    Size         Type   Attr      Idx    E Section Name        Object

    0x20000000   COMPRESSED   0x0000004a   Data   RW           11    .data               main.o
    0x2000004a   COMPRESSED   0x00000002   PAD
    0x2000004c   COMPRESSED   0x00000009   Data   RW          466    .data               usart2.o
    0x20000055   COMPRESSED   0x00000001   Data   RW          511    .data               wifi.o
    0x20000056   COMPRESSED   0x00000002   PAD
    0x20000058   COMPRESSED   0x00000044   Data   RW          572    .data               mqtt.o
    0x2000009c   COMPRESSED   0x00000004   Data   RW          712    .data               dht11.o
    0x200000a0   COMPRESSED   0x00000032   Data   RW          812    .data               key4_4.o
    0x200000d2   COMPRESSED   0x00000002   PAD
    0x200000d4   COMPRESSED   0x0000000e   Data   RW          953    .data               mq2.o
    0x200000e2   COMPRESSED   0x000000f5   Data   RW         1122    .data               rc522.o
    0x200001d7   COMPRESSED   0x00000001   PAD
    0x200001d8   COMPRESSED   0x00000014   Data   RW         1374    .data               system_stm32f10x.o
    0x200001ec   COMPRESSED   0x00000014   Data   RW         1479    .data               stm32f10x_rcc.o
    0x20000200   COMPRESSED   0x00000008   Data   RW         3189    .data               delay.o


    Execution Region ER_ZI (Exec base: 0x20000208, Load base: 0x0800b154, Size: 0x00002f00, Max: 0xffffffff, ABSOLUTE)

    Exec Addr    Load Addr    Size         Type   Attr      Idx    E Section Name        Object

    0x20000208        -       0x0000004b   Zero   RW           10    .bss                main.o
    0x20000253   0x0800b154   0x00000005   PAD
    0x20000258        -       0x00000100   Zero   RW          238    .bss                usart1.o
    0x20000358        -       0x00000800   Zero   RW          465    .bss                usart2.o
    0x20000b58        -       0x00001f4c   Zero   RW          571    .bss                mqtt.o
    0x20002aa4        -       0x00000060   Zero   RW         3529    .bss                c_w.l(libspace.o)
    0x20002b04   0x0800b154   0x00000004   PAD
    0x20002b08        -       0x00000200   Zero   RW         1405    HEAP                startup_stm32f10x_hd.o
    0x20002d08        -       0x00000400   Zero   RW         1404    STACK               startup_stm32f10x_hd.o


==============================================================================

Image component sizes


      Code (inc. data)   RO Data    RW Data    ZI Data      Debug   Object Name

       200        112        114          0          0        537   dateup.o
       244         30          0          8          0       2192   delay.o
       440         40          0          4          0       4752   dht11.o
       224         22          0         50          0       2340   key4_4.o
        76          8          0          0          0        499   led.o
      3938        804          0         74         75     226650   main.o
       172         22          0          0          0       1965   misc.o
       892         42          0          0          0       7114   mlx90614.o
       560         72          0         14          0       3910   mq2.o
      3200       1056          0         68       8012       9566   mqtt.o
       752         24       2072          0          0       4826   oled.o
      2288         80          0        245          0      13498   rc522.o
        64         26        304          0       1536        804   startup_stm32f10x_hd.o
       390         10          0          0          0       7189   stm32f10x_adc.o
       182         18          0          0          0       4903   stm32f10x_dma.o
       314          0          0          0          0       4100   stm32f10x_gpio.o
       444         66          0          0          0       5623   stm32f10x_it.o
       396         56          0         20          0       6523   stm32f10x_rcc.o
        84          0          0          0          0       2057   stm32f10x_spi.o
       734        106          0          0          0       4187   stm32f10x_tim.o
       634         28          0          0          0       7689   stm32f10x_usart.o
       122          0          0          0          0        788   syn6288.o
         0          0          0          0          0         32   sys.o
       328         28          0         20          0       2157   system_stm32f10x.o
       118          0          0          0          0        577   timer2.o
       240         10          0          0          0       1155   timer3.o
       464         32          0          0          0       4234   usart.o
       220         18          0          0        256     276410   usart1.o
       752         52          0          9       2048       4172   usart2.o
       232          0          0          0          0       1526   utils_hmac.o
        24          0          0          0          0        515   utils_md5.o
      6842         40         64          0          0       5755   utils_sha1.o
      1540        808          0          1          0       4049   wifi.o

    ----------------------------------------------------------------------
     27146       3610       2588        520      11932     622294   Object Totals
         0          0         32          0          0          0   (incl. Generated)
        36          0          2          7          5          0   (incl. Padding)

    ----------------------------------------------------------------------

      Code (inc. data)   RO Data    RW Data    ZI Data      Debug   Library Member Name

        44          6          0          0          0         84   __2sprintf.o
        90          0          0          0          0          0   __dczerorl2.o
         8          0          0          0          0         68   __main.o
       392          4         17          0          0         92   __printf_flags_ss_wp.o
        14          0          0          0          0         68   __printf_wp.o
         0          0          0          0          0          0   __rtentry.o
        12          0          0          0          0          0   __rtentry2.o
         6          0          0          0          0          0   __rtentry4.o
        52          8          0          0          0          0   __scatter.o
        28          0          0          0          0          0   __scatter_zi.o
         6          0          0          0          0          0   _printf_a.o
         6          0          0          0          0          0   _printf_c.o
        44          0          0          0          0        108   _printf_char.o
        48          6          0          0          0         96   _printf_char_common.o
        40          0          0          0          0         68   _printf_charcount.o
         6          0          0          0          0          0   _printf_d.o
       120         16          0          0          0         92   _printf_dec.o
         6          0          0          0          0          0   _printf_e.o
         6          0          0          0          0          0   _printf_f.o
      1054          0          0          0          0        216   _printf_fp_dec.o
       764          8         38          0          0        100   _printf_fp_hex.o
       128         16          0          0          0         84   _printf_fp_infnan.o
         6          0          0          0          0          0   _printf_g.o
       148          4         40          0          0        160   _printf_hex_int_ll_ptr.o
         6          0          0          0          0          0   _printf_i.o
       178          0          0          0          0         88   _printf_intcommon.o
        10          0          0          0          0          0   _printf_l.o
         6          0          0          0          0          0   _printf_lc.o
        10          0          0          0          0          0   _printf_ll.o
         6          0          0          0          0          0   _printf_lld.o
         6          0          0          0          0          0   _printf_lli.o
         6          0          0          0          0          0   _printf_llo.o
         6          0          0          0          0          0   _printf_llu.o
         6          0          0          0          0          0   _printf_llx.o
       124         16          0          0          0         92   _printf_longlong_dec.o
         6          0          0          0          0          0   _printf_ls.o
         6          0          0          0          0          0   _printf_n.o
         6          0          0          0          0          0   _printf_o.o
       112         10          0          0          0        124   _printf_oct_int_ll.o
         6          0          0          0          0          0   _printf_p.o
        78          0          0          0          0        108   _printf_pad.o
         0          0          0          0          0          0   _printf_percent.o
         4          0          0          0          0          0   _printf_percent_end.o
         6          0          0          0          0          0   _printf_s.o
        82          0          0          0          0         80   _printf_str.o
        36          0          0          0          0         84   _printf_truncate.o
         6          0          0          0          0          0   _printf_u.o
        44          0          0          0          0        108   _printf_wchar.o
       188          6          8          0          0         92   _printf_wctomb.o
         6          0          0          0          0          0   _printf_x.o
        22          0          0          0          0        100   _rserrno.o
        10          0          0          0          0         68   _sputc.o
        64          0          0          0          0         92   _wcrtomb.o
       228          4        148          0          0         96   bigflt0.o
      1936        128          0          0          0        672   btod.o
        18          0          0          0          0         80   exit.o
         6          0          0          0          0        152   heapauxi.o
         0          0          0          0          0          0   indicate_semi.o
        44         10        272          0          0         76   lc_ctype_c.o
        44         10         28          0          0         76   lc_numeric_c.o
         2          0          0          0          0          0   libinit.o
        30          0          0          0          0          0   libinit2.o
         2          0          0          0          0          0   libshutdown.o
         2          0          0          0          0          0   libshutdown2.o
         8          4          0          0         96         68   libspace.o
       138          0          0          0          0         80   lludiv10.o
        16          4          0          0          0         76   rt_ctype_table.o
         8          4          0          0          0         68   rt_errno_addr_intlibspace.o
         8          4          0          0          0         68   rt_locale_intlibspace.o
        68          0          0          0          0         68   rt_memclr.o
        78          0          0          0          0         80   rt_memclr_w.o
       138          0          0          0          0         68   rt_memcpy_v6.o
       100          0          0          0          0         80   rt_memcpy_w.o
         2          0          0          0          0          0   rtexit.o
        10          0          0          0          0          0   rtexit2.o
        24          0          0          0          0         68   strcat.o
       128          0          0          0          0         68   strcmpv7m.o
        62          0          0          0          0         76   strlen.o
        36          0          0          0          0         80   strstr.o
        12          4          0          0          0         68   sys_exit.o
        74          0          0          0          0         80   sys_stackheap_outer.o
         2          0          0          0          0         68   use_no_semi.o
        36          4          0          0          0         76   vsprintf.o
        98          4          0          0          0         92   d2f.o
       826         16          0          0          0        348   daddsub_clz.o
        16          4          0          0          0         68   dcheck1.o
        24          0          0          0          0         68   dcmpi.o
       688        140          0          0          0        208   ddiv.o
        84          0          0          0          0        136   dflt_clz.o
       120          4          0          0          0         92   dleqf.o
       340         12          0          0          0        104   dmul.o
       156          4          0          0          0         92   dnaninf.o
        12          0          0          0          0         68   dretinf.o
       108          0          0          0          0         80   drleqf.o
       460         56          0          0          0        120   dsqrt_noumaal.o
        86          4          0          0          0         84   f2d.o
       430          8          0          0          0        168   faddsub_clz.o
       388         76          0          0          0         96   fdiv.o
        62          4          0          0          0         84   ffixu.o
        38          0          0          0          0         68   fflt_clz.o
       258          4          0          0          0         84   fmul.o
       140          4          0          0          0         84   fnaninf.o
        10          0          0          0          0         68   fretinf.o
         4          0          0          0          0         68   printf1.o
         4          0          0          0          0         68   printf2.o
       100          0          0          0          0         68   retnan.o
        92          0          0          0          0         68   scalbn.o
        48          0          0          0          0         68   trapv.o
         0          0          0          0          0          0   usenofp.o
        62         10          0          0          0        340   dunder.o
        40          0          0          0          0         68   fpclassify.o
       170          0          0          0          0         96   poly.o
      2520        190        136          0          0        324   pow.o
         0          0          8          0          0          0   qnan.o
        76          0          0          0          0         84   sqrt.o

    ----------------------------------------------------------------------
     14824        816        702          0        100       8128   Library Totals
        30          0          7          0          4          0   (incl. Padding)

    ----------------------------------------------------------------------

      Code (inc. data)   RO Data    RW Data    ZI Data      Debug   Library Name

      7334        276        551          0         96       4664   c_w.l
      4592        340          0          0          0       2552   fz_ws.l
      2868        200        144          0          0        912   m_ws.l

    ----------------------------------------------------------------------
     14824        816        702          0        100       8128   Library Totals

    ----------------------------------------------------------------------

==============================================================================


      Code (inc. data)   RO Data    RW Data    ZI Data      Debug   

     41970       4426       3290        520      12032     617314   Grand Totals
     41970       4426       3290        136      12032     617314   ELF Image Totals (compressed)
     41970       4426       3290        136          0          0   ROM Totals

==============================================================================

    Total RO  Size (Code + RO Data)                45260 (  44.20kB)
    Total RW  Size (RW Data + ZI Data)             12552 (  12.26kB)
    Total ROM Size (Code + RO Data + RW Data)      45396 (  44.33kB)

==============================================================================

